Archive member included to satisfy reference by file (symbol)

c:/st/stm32cubeide_1.6.0/stm32cubeide/plugins/com.st.stm32cube.ide.mcu.externaltools.gnu-tools-for-stm32.9-2020-q2-update.win32_1.5.0.202011040924/tools/bin/../lib/gcc/arm-none-eabi/9.3.1/../../../../arm-none-eabi/lib/thumb/v7-m/nofp\libc_nano.a(lib_a-errno.o)
                              Core/Src/syscalls.o (__errno)
c:/st/stm32cubeide_1.6.0/stm32cubeide/plugins/com.st.stm32cube.ide.mcu.externaltools.gnu-tools-for-stm32.9-2020-q2-update.win32_1.5.0.202011040924/tools/bin/../lib/gcc/arm-none-eabi/9.3.1/../../../../arm-none-eabi/lib/thumb/v7-m/nofp\libc_nano.a(lib_a-exit.o)
                              c:/st/stm32cubeide_1.6.0/stm32cubeide/plugins/com.st.stm32cube.ide.mcu.externaltools.gnu-tools-for-stm32.9-2020-q2-update.win32_1.5.0.202011040924/tools/bin/../lib/gcc/arm-none-eabi/9.3.1/../../../../arm-none-eabi/lib/thumb/v7-m/nofp/crt0.o (exit)
c:/st/stm32cubeide_1.6.0/stm32cubeide/plugins/com.st.stm32cube.ide.mcu.externaltools.gnu-tools-for-stm32.9-2020-q2-update.win32_1.5.0.202011040924/tools/bin/../lib/gcc/arm-none-eabi/9.3.1/../../../../arm-none-eabi/lib/thumb/v7-m/nofp\libc_nano.a(lib_a-impure.o)
                              c:/st/stm32cubeide_1.6.0/stm32cubeide/plugins/com.st.stm32cube.ide.mcu.externaltools.gnu-tools-for-stm32.9-2020-q2-update.win32_1.5.0.202011040924/tools/bin/../lib/gcc/arm-none-eabi/9.3.1/../../../../arm-none-eabi/lib/thumb/v7-m/nofp\libc_nano.a(lib_a-exit.o) (_global_impure_ptr)
c:/st/stm32cubeide_1.6.0/stm32cubeide/plugins/com.st.stm32cube.ide.mcu.externaltools.gnu-tools-for-stm32.9-2020-q2-update.win32_1.5.0.202011040924/tools/bin/../lib/gcc/arm-none-eabi/9.3.1/../../../../arm-none-eabi/lib/thumb/v7-m/nofp\libc_nano.a(lib_a-init.o)
                              c:/st/stm32cubeide_1.6.0/stm32cubeide/plugins/com.st.stm32cube.ide.mcu.externaltools.gnu-tools-for-stm32.9-2020-q2-update.win32_1.5.0.202011040924/tools/bin/../lib/gcc/arm-none-eabi/9.3.1/../../../../arm-none-eabi/lib/thumb/v7-m/nofp/crt0.o (__libc_init_array)
c:/st/stm32cubeide_1.6.0/stm32cubeide/plugins/com.st.stm32cube.ide.mcu.externaltools.gnu-tools-for-stm32.9-2020-q2-update.win32_1.5.0.202011040924/tools/bin/../lib/gcc/arm-none-eabi/9.3.1/../../../../arm-none-eabi/lib/thumb/v7-m/nofp\libc_nano.a(lib_a-memcpy-stub.o)
                              USB_DEVICE/App/usbd_cdc_if.o (memcpy)
c:/st/stm32cubeide_1.6.0/stm32cubeide/plugins/com.st.stm32cube.ide.mcu.externaltools.gnu-tools-for-stm32.9-2020-q2-update.win32_1.5.0.202011040924/tools/bin/../lib/gcc/arm-none-eabi/9.3.1/../../../../arm-none-eabi/lib/thumb/v7-m/nofp\libc_nano.a(lib_a-memset.o)
                              c:/st/stm32cubeide_1.6.0/stm32cubeide/plugins/com.st.stm32cube.ide.mcu.externaltools.gnu-tools-for-stm32.9-2020-q2-update.win32_1.5.0.202011040924/tools/bin/../lib/gcc/arm-none-eabi/9.3.1/../../../../arm-none-eabi/lib/thumb/v7-m/nofp/crt0.o (memset)
c:/st/stm32cubeide_1.6.0/stm32cubeide/plugins/com.st.stm32cube.ide.mcu.externaltools.gnu-tools-for-stm32.9-2020-q2-update.win32_1.5.0.202011040924/tools/bin/../lib/gcc/arm-none-eabi/9.3.1/../../../../arm-none-eabi/lib/thumb/v7-m/nofp\libc_nano.a(lib_a-strlen.o)
                              Core/Src/main.o (strlen)

Allocating common symbols
Common symbol       size              file

hUsbDeviceFS        0x2c4             USB_DEVICE/App/usb_device.o
uwTick              0x4               Drivers/STM32F1xx_HAL_Driver/Src/stm32f1xx_hal.o
pFlash              0x20              Drivers/STM32F1xx_HAL_Driver/Src/stm32f1xx_hal_flash.o
UserRxBufferFS      0x3e8             USB_DEVICE/App/usbd_cdc_if.o
UserTxBufferFS      0x3e8             USB_DEVICE/App/usbd_cdc_if.o
rxBuffer            0x40              USB_DEVICE/App/usbd_cdc_if.o
hpcd_USB_FS         0x2ec             USB_DEVICE/Target/usbd_conf.o
lcBuffer            0x7               USB_DEVICE/App/usbd_cdc_if.o
USBD_StrDesc        0x200             USB_DEVICE/App/usbd_desc.o

Discarded input sections

 .text          0x0000000000000000        0x0 c:/st/stm32cubeide_1.6.0/stm32cubeide/plugins/com.st.stm32cube.ide.mcu.externaltools.gnu-tools-for-stm32.9-2020-q2-update.win32_1.5.0.202011040924/tools/bin/../lib/gcc/arm-none-eabi/9.3.1/thumb/v7-m/nofp/crti.o
 .data          0x0000000000000000        0x0 c:/st/stm32cubeide_1.6.0/stm32cubeide/plugins/com.st.stm32cube.ide.mcu.externaltools.gnu-tools-for-stm32.9-2020-q2-update.win32_1.5.0.202011040924/tools/bin/../lib/gcc/arm-none-eabi/9.3.1/thumb/v7-m/nofp/crti.o
 .bss           0x0000000000000000        0x0 c:/st/stm32cubeide_1.6.0/stm32cubeide/plugins/com.st.stm32cube.ide.mcu.externaltools.gnu-tools-for-stm32.9-2020-q2-update.win32_1.5.0.202011040924/tools/bin/../lib/gcc/arm-none-eabi/9.3.1/thumb/v7-m/nofp/crti.o
[...]
Memory Configuration

Name             Origin             Length             Attributes
RAM              0x0000000020000000 0x0000000000005000 xrw
FLASH            0x0000000008000000 0x0000000000010000 xr
*default*        0x0000000000000000 0xffffffffffffffff

Linker script and memory map

LOAD c:/st/stm32cubeide_1.6.0/stm32cubeide/plugins/com.st.stm32cube.ide.mcu.externaltools.gnu-tools-for-stm32.9-2020-q2-update.win32_1.5.0.202011040924/tools/bin/../lib/gcc/arm-none-eabi/9.3.1/thumb/v7-m/nofp/crti.o
LOAD c:/st/stm32cubeide_1.6.0/stm32cubeide/plugins/com.st.stm32cube.ide.mcu.externaltools.gnu-tools-for-stm32.9-2020-q2-update.win32_1.5.0.202011040924/tools/bin/../lib/gcc/arm-none-eabi/9.3.1/thumb/v7-m/nofp/crtbegin.o
LOAD c:/st/stm32cubeide_1.6.0/stm32cubeide/plugins/com.st.stm32cube.ide.mcu.externaltools.gnu-tools-for-stm32.9-2020-q2-update.win32_1.5.0.202011040924/tools/bin/../lib/gcc/arm-none-eabi/9.3.1/../../../../arm-none-eabi/lib/thumb/v7-m/nofp/crt0.o
LOAD Core/Src/main.o
LOAD Core/Src/stm32f1xx_hal_msp.o
LOAD Core/Src/stm32f1xx_it.o
LOAD Core/Src/syscalls.o
LOAD Core/Src/sysmem.o
LOAD Core/Src/system_stm32f1xx.o
LOAD Core/Startup/startup_stm32f103c8tx.o
LOAD Drivers/STM32F1xx_HAL_Driver/Src/stm32f1xx_hal.o
LOAD Drivers/STM32F1xx_HAL_Driver/Src/stm32f1xx_hal_cortex.o
LOAD Drivers/STM32F1xx_HAL_Driver/Src/stm32f1xx_hal_dma.o
LOAD Drivers/STM32F1xx_HAL_Driver/Src/stm32f1xx_hal_exti.o
LOAD Drivers/STM32F1xx_HAL_Driver/Src/stm32f1xx_hal_flash.o
LOAD Drivers/STM32F1xx_HAL_Driver/Src/stm32f1xx_hal_flash_ex.o
LOAD Drivers/STM32F1xx_HAL_Driver/Src/stm32f1xx_hal_gpio.o
LOAD Drivers/STM32F1xx_HAL_Driver/Src/stm32f1xx_hal_gpio_ex.o
LOAD Drivers/STM32F1xx_HAL_Driver/Src/stm32f1xx_hal_pcd.o
LOAD Drivers/STM32F1xx_HAL_Driver/Src/stm32f1xx_hal_pcd_ex.o
LOAD Drivers/STM32F1xx_HAL_Driver/Src/stm32f1xx_hal_pwr.o
LOAD Drivers/STM32F1xx_HAL_Driver/Src/stm32f1xx_hal_rcc.o
LOAD Drivers/STM32F1xx_HAL_Driver/Src/stm32f1xx_hal_rcc_ex.o
LOAD Drivers/STM32F1xx_HAL_Driver/Src/stm32f1xx_hal_tim.o
LOAD Drivers/STM32F1xx_HAL_Driver/Src/stm32f1xx_hal_tim_ex.o
LOAD Drivers/STM32F1xx_HAL_Driver/Src/stm32f1xx_ll_usb.o
LOAD Middlewares/ST/STM32_USB_Device_Library/Class/CDC/Src/usbd_cdc.o
LOAD Middlewares/ST/STM32_USB_Device_Library/Core/Src/usbd_core.o
LOAD Middlewares/ST/STM32_USB_Device_Library/Core/Src/usbd_ctlreq.o
LOAD Middlewares/ST/STM32_USB_Device_Library/Core/Src/usbd_ioreq.o
LOAD USB_DEVICE/App/usb_device.o
LOAD USB_DEVICE/App/usbd_cdc_if.o
LOAD USB_DEVICE/App/usbd_desc.o
LOAD USB_DEVICE/Target/usbd_conf.o
START GROUP
LOAD c:/st/stm32cubeide_1.6.0/stm32cubeide/plugins/com.st.stm32cube.ide.mcu.externaltools.gnu-tools-for-stm32.9-2020-q2-update.win32_1.5.0.202011040924/tools/bin/../lib/gcc/arm-none-eabi/9.3.1/../../../../arm-none-eabi/lib/thumb/v7-m/nofp\libc_nano.a
LOAD c:/st/stm32cubeide_1.6.0/stm32cubeide/plugins/com.st.stm32cube.ide.mcu.externaltools.gnu-tools-for-stm32.9-2020-q2-update.win32_1.5.0.202011040924/tools/bin/../lib/gcc/arm-none-eabi/9.3.1/../../../../arm-none-eabi/lib/thumb/v7-m/nofp\libm.a
END GROUP
START GROUP
LOAD c:/st/stm32cubeide_1.6.0/stm32cubeide/plugins/com.st.stm32cube.ide.mcu.externaltools.gnu-tools-for-stm32.9-2020-q2-update.win32_1.5.0.202011040924/tools/bin/../lib/gcc/arm-none-eabi/9.3.1/thumb/v7-m/nofp\libgcc.a
LOAD c:/st/stm32cubeide_1.6.0/stm32cubeide/plugins/com.st.stm32cube.ide.mcu.externaltools.gnu-tools-for-stm32.9-2020-q2-update.win32_1.5.0.202011040924/tools/bin/../lib/gcc/arm-none-eabi/9.3.1/../../../../arm-none-eabi/lib/thumb/v7-m/nofp\libc_nano.a
END GROUP
START GROUP
LOAD c:/st/stm32cubeide_1.6.0/stm32cubeide/plugins/com.st.stm32cube.ide.mcu.externaltools.gnu-tools-for-stm32.9-2020-q2-update.win32_1.5.0.202011040924/tools/bin/../lib/gcc/arm-none-eabi/9.3.1/thumb/v7-m/nofp\libgcc.a
LOAD c:/st/stm32cubeide_1.6.0/stm32cubeide/plugins/com.st.stm32cube.ide.mcu.externaltools.gnu-tools-for-stm32.9-2020-q2-update.win32_1.5.0.202011040924/tools/bin/../lib/gcc/arm-none-eabi/9.3.1/../../../../arm-none-eabi/lib/thumb/v7-m/nofp\libc_nano.a
LOAD c:/st/stm32cubeide_1.6.0/stm32cubeide/plugins/com.st.stm32cube.ide.mcu.externaltools.gnu-tools-for-stm32.9-2020-q2-update.win32_1.5.0.202011040924/tools/bin/../lib/gcc/arm-none-eabi/9.3.1/../../../../arm-none-eabi/lib/thumb/v7-m/nofp\libnosys.a
END GROUP
START GROUP
LOAD c:/st/stm32cubeide_1.6.0/stm32cubeide/plugins/com.st.stm32cube.ide.mcu.externaltools.gnu-tools-for-stm32.9-2020-q2-update.win32_1.5.0.202011040924/tools/bin/../lib/gcc/arm-none-eabi/9.3.1/thumb/v7-m/nofp\libgcc.a
LOAD c:/st/stm32cubeide_1.6.0/stm32cubeide/plugins/com.st.stm32cube.ide.mcu.externaltools.gnu-tools-for-stm32.9-2020-q2-update.win32_1.5.0.202011040924/tools/bin/../lib/gcc/arm-none-eabi/9.3.1/../../../../arm-none-eabi/lib/thumb/v7-m/nofp\libc_nano.a
LOAD c:/st/stm32cubeide_1.6.0/stm32cubeide/plugins/com.st.stm32cube.ide.mcu.externaltools.gnu-tools-for-stm32.9-2020-q2-update.win32_1.5.0.202011040924/tools/bin/../lib/gcc/arm-none-eabi/9.3.1/../../../../arm-none-eabi/lib/thumb/v7-m/nofp\libnosys.a
END GROUP
LOAD c:/st/stm32cubeide_1.6.0/stm32cubeide/plugins/com.st.stm32cube.ide.mcu.externaltools.gnu-tools-for-stm32.9-2020-q2-update.win32_1.5.0.202011040924/tools/bin/../lib/gcc/arm-none-eabi/9.3.1/thumb/v7-m/nofp/crtend.o
LOAD c:/st/stm32cubeide_1.6.0/stm32cubeide/plugins/com.st.stm32cube.ide.mcu.externaltools.gnu-tools-for-stm32.9-2020-q2-update.win32_1.5.0.202011040924/tools/bin/../lib/gcc/arm-none-eabi/9.3.1/thumb/v7-m/nofp/crtn.o
                0x0000000020005000                _estack = (ORIGIN (RAM) + LENGTH (RAM))
                0x0000000000000200                _Min_Heap_Size = 0x200
                0x0000000000000400                _Min_Stack_Size = 0x400

.isr_vector     0x0000000008000000      0x10c
                0x0000000008000000                . = ALIGN (0x4)
 *(.isr_vector)
 .isr_vector    0x0000000008000000      0x10c Core/Startup/startup_stm32f103c8tx.o
                0x0000000008000000                g_pfnVectors
                0x000000000800010c                . = ALIGN (0x4)

.text           0x000000000800010c     0x6d1c
                0x000000000800010c                . = ALIGN (0x4)
 *(.text)
 .text          0x000000000800010c       0x40 c:/st/stm32cubeide_1.6.0/stm32cubeide/plugins/com.st.stm32cube.ide.mcu.externaltools.gnu-tools-for-stm32.9-2020-q2-update.win32_1.5.0.202011040924/tools/bin/../lib/gcc/arm-none-eabi/9.3.1/thumb/v7-m/nofp/crtbegin.o
 .text          0x000000000800014c       0x10 c:/st/stm32cubeide_1.6.0/stm32cubeide/plugins/com.st.stm32cube.ide.mcu.externaltools.gnu-tools-for-stm32.9-2020-q2-update.win32_1.5.0.202011040924/tools/bin/../lib/gcc/arm-none-eabi/9.3.1/../../../../arm-none-eabi/lib/thumb/v7-m/nofp\libc_nano.a(lib_a-strlen.o)
                0x000000000800014c                strlen
 *(.text*)
 .text.main     0x000000000800015c       0x60 Core/Src/main.o
                0x000000000800015c                main
 .text.SystemClock_Config
                0x00000000080001bc       0xb4 Core/Src/main.o
                0x00000000080001bc                SystemClock_Config
 .text.MX_GPIO_Init
                0x0000000008000270       0x98 Core/Src/main.o
 .text.Error_Handler
                0x0000000008000308        0xa Core/Src/main.o
                0x0000000008000308                Error_Handler
 *fill*         0x0000000008000312        0x2 
 .text.HAL_MspInit
                0x0000000008000314       0x64 Core/Src/stm32f1xx_hal_msp.o
                0x0000000008000314                HAL_MspInit
 .text.NMI_Handler
                0x0000000008000378        0x6 Core/Src/stm32f1xx_it.o
                0x0000000008000378                NMI_Handler
 .text.HardFault_Handler
                0x000000000800037e        0x6 Core/Src/stm32f1xx_it.o
                0x000000000800037e                HardFault_Handler
 .text.MemManage_Handler
                0x0000000008000384        0x6 Core/Src/stm32f1xx_it.o
                0x0000000008000384                MemManage_Handler
 .text.BusFault_Handler
                0x000000000800038a        0x6 Core/Src/stm32f1xx_it.o
                0x000000000800038a                BusFault_Handler
 .text.UsageFault_Handler
                0x0000000008000390        0x6 Core/Src/stm32f1xx_it.o
                0x0000000008000390                UsageFault_Handler
 .text.SVC_Handler
                0x0000000008000396        0xc Core/Src/stm32f1xx_it.o
                0x0000000008000396                SVC_Handler
 .text.DebugMon_Handler
                0x00000000080003a2        0xc Core/Src/stm32f1xx_it.o
                0x00000000080003a2                DebugMon_Handler
 .text.PendSV_Handler
                0x00000000080003ae        0xc Core/Src/stm32f1xx_it.o
                0x00000000080003ae                PendSV_Handler
 .text.SysTick_Handler
                0x00000000080003ba        0xc Core/Src/stm32f1xx_it.o
                0x00000000080003ba                SysTick_Handler
 *fill*         0x00000000080003c6        0x2 
 .text.USB_LP_CAN1_RX0_IRQHandler
                0x00000000080003c8       0x14 Core/Src/stm32f1xx_it.o
                0x00000000080003c8                USB_LP_CAN1_RX0_IRQHandler
 .text.SystemInit
                0x00000000080003dc        0xc Core/Src/system_stm32f1xx.o
                0x00000000080003dc                SystemInit
 .text.Reset_Handler
                0x00000000080003e8       0x48 Core/Startup/startup_stm32f103c8tx.o
                0x00000000080003e8                Reset_Handler
 .text.Default_Handler
                0x0000000008000430        0x2 Core/Startup/startup_stm32f103c8tx.o
                0x0000000008000430                RTC_Alarm_IRQHandler
                0x0000000008000430                EXTI2_IRQHandler
                0x0000000008000430                TIM1_CC_IRQHandler
                0x0000000008000430                PVD_IRQHandler
                0x0000000008000430                EXTI3_IRQHandler
                0x0000000008000430                EXTI0_IRQHandler
                0x0000000008000430                I2C2_EV_IRQHandler
                0x0000000008000430                ADC1_2_IRQHandler
                0x0000000008000430                SPI1_IRQHandler
                0x0000000008000430                TAMPER_IRQHandler
                0x0000000008000430                DMA1_Channel4_IRQHandler
                0x0000000008000430                USART3_IRQHandler
                0x0000000008000430                RTC_IRQHandler
                0x0000000008000430                DMA1_Channel7_IRQHandler
                0x0000000008000430                CAN1_RX1_IRQHandler
                0x0000000008000430                TIM4_IRQHandler
                0x0000000008000430                I2C1_EV_IRQHandler
                0x0000000008000430                DMA1_Channel6_IRQHandler
                0x0000000008000430                TIM3_IRQHandler
                0x0000000008000430                RCC_IRQHandler
                0x0000000008000430                TIM1_TRG_COM_IRQHandler
                0x0000000008000430                DMA1_Channel1_IRQHandler
                0x0000000008000430                Default_Handler
                0x0000000008000430                EXTI15_10_IRQHandler
                0x0000000008000430                EXTI9_5_IRQHandler
                0x0000000008000430                SPI2_IRQHandler
                0x0000000008000430                DMA1_Channel5_IRQHandler
                0x0000000008000430                EXTI4_IRQHandler
                0x0000000008000430                USB_HP_CAN1_TX_IRQHandler
                0x0000000008000430                DMA1_Channel3_IRQHandler
                0x0000000008000430                TIM1_UP_IRQHandler
                0x0000000008000430                WWDG_IRQHandler
                0x0000000008000430                TIM2_IRQHandler
                0x0000000008000430                TIM1_BRK_IRQHandler
                0x0000000008000430                EXTI1_IRQHandler
                0x0000000008000430                USART2_IRQHandler
                0x0000000008000430                I2C2_ER_IRQHandler
                0x0000000008000430                DMA1_Channel2_IRQHandler
                0x0000000008000430                CAN1_SCE_IRQHandler
                0x0000000008000430                FLASH_IRQHandler
                0x0000000008000430                USART1_IRQHandler
                0x0000000008000430                I2C1_ER_IRQHandler
                0x0000000008000430                USBWakeUp_IRQHandler
 *fill*         0x0000000008000432        0x2 
 .text.HAL_Init
                0x0000000008000434       0x2c Drivers/STM32F1xx_HAL_Driver/Src/stm32f1xx_hal.o
                0x0000000008000434                HAL_Init
 .text.HAL_InitTick
                0x0000000008000460       0x60 Drivers/STM32F1xx_HAL_Driver/Src/stm32f1xx_hal.o
                0x0000000008000460                HAL_InitTick
 .text.HAL_IncTick
                0x00000000080004c0       0x24 Drivers/STM32F1xx_HAL_Driver/Src/stm32f1xx_hal.o
                0x00000000080004c0                HAL_IncTick
 .text.HAL_GetTick
                0x00000000080004e4       0x14 Drivers/STM32F1xx_HAL_Driver/Src/stm32f1xx_hal.o
                0x00000000080004e4                HAL_GetTick
 .text.HAL_Delay
                0x00000000080004f8       0x48 Drivers/STM32F1xx_HAL_Driver/Src/stm32f1xx_hal.o
                0x00000000080004f8                HAL_Delay
 .text.__NVIC_SetPriorityGrouping
                0x0000000008000540       0x48 Drivers/STM32F1xx_HAL_Driver/Src/stm32f1xx_hal_cortex.o
 .text.__NVIC_GetPriorityGrouping
                0x0000000008000588       0x1c Drivers/STM32F1xx_HAL_Driver/Src/stm32f1xx_hal_cortex.o
 .text.__NVIC_EnableIRQ
                0x00000000080005a4       0x38 Drivers/STM32F1xx_HAL_Driver/Src/stm32f1xx_hal_cortex.o
 .text.__NVIC_SetPriority
                0x00000000080005dc       0x54 Drivers/STM32F1xx_HAL_Driver/Src/stm32f1xx_hal_cortex.o
 .text.NVIC_EncodePriority
                0x0000000008000630       0x64 Drivers/STM32F1xx_HAL_Driver/Src/stm32f1xx_hal_cortex.o
 .text.SysTick_Config
                0x0000000008000694       0x44 Drivers/STM32F1xx_HAL_Driver/Src/stm32f1xx_hal_cortex.o
 .text.HAL_NVIC_SetPriorityGrouping
                0x00000000080006d8       0x16 Drivers/STM32F1xx_HAL_Driver/Src/stm32f1xx_hal_cortex.o
                0x00000000080006d8                HAL_NVIC_SetPriorityGrouping
 .text.HAL_NVIC_SetPriority
                0x00000000080006ee       0x38 Drivers/STM32F1xx_HAL_Driver/Src/stm32f1xx_hal_cortex.o
                0x00000000080006ee                HAL_NVIC_SetPriority
 .text.HAL_NVIC_EnableIRQ
                0x0000000008000726       0x1c Drivers/STM32F1xx_HAL_Driver/Src/stm32f1xx_hal_cortex.o
                0x0000000008000726                HAL_NVIC_EnableIRQ
 .text.HAL_SYSTICK_Config
                0x0000000008000742       0x18 Drivers/STM32F1xx_HAL_Driver/Src/stm32f1xx_hal_cortex.o
                0x0000000008000742                HAL_SYSTICK_Config
 *fill*         0x000000000800075a        0x2 
 .text.HAL_GPIO_Init
                0x000000000800075c      0x308 Drivers/STM32F1xx_HAL_Driver/Src/stm32f1xx_hal_gpio.o
                0x000000000800075c                HAL_GPIO_Init
 .text.HAL_GPIO_WritePin
                0x0000000008000a64       0x30 Drivers/STM32F1xx_HAL_Driver/Src/stm32f1xx_hal_gpio.o
                0x0000000008000a64                HAL_GPIO_WritePin
 .text.HAL_GPIO_TogglePin
                0x0000000008000a94       0x32 Drivers/STM32F1xx_HAL_Driver/Src/stm32f1xx_hal_gpio.o
                0x0000000008000a94                HAL_GPIO_TogglePin
 .text.HAL_PCD_Init
                0x0000000008000ac6      0x216 Drivers/STM32F1xx_HAL_Driver/Src/stm32f1xx_hal_pcd.o
                0x0000000008000ac6                HAL_PCD_Init
 .text.HAL_PCD_Start
                0x0000000008000cdc       0x4c Drivers/STM32F1xx_HAL_Driver/Src/stm32f1xx_hal_pcd.o
                0x0000000008000cdc                HAL_PCD_Start
 .text.HAL_PCD_IRQHandler
                0x0000000008000d28      0x2aa Drivers/STM32F1xx_HAL_Driver/Src/stm32f1xx_hal_pcd.o
                0x0000000008000d28                HAL_PCD_IRQHandler
 .text.HAL_PCD_SetAddress
                0x0000000008000fd2       0x4a Drivers/STM32F1xx_HAL_Driver/Src/stm32f1xx_hal_pcd.o
                0x0000000008000fd2                HAL_PCD_SetAddress
 .text.HAL_PCD_EP_Open
                0x000000000800101c       0xcc Drivers/STM32F1xx_HAL_Driver/Src/stm32f1xx_hal_pcd.o
                0x000000000800101c                HAL_PCD_EP_Open
 .text.HAL_PCD_EP_Close
                0x00000000080010e8       0x90 Drivers/STM32F1xx_HAL_Driver/Src/stm32f1xx_hal_pcd.o
                0x00000000080010e8                HAL_PCD_EP_Close
 .text.HAL_PCD_EP_Receive
                0x0000000008001178       0x7a Drivers/STM32F1xx_HAL_Driver/Src/stm32f1xx_hal_pcd.o
                0x0000000008001178                HAL_PCD_EP_Receive
 .text.HAL_PCD_EP_GetRxCount
                0x00000000080011f2       0x2e Drivers/STM32F1xx_HAL_Driver/Src/stm32f1xx_hal_pcd.o
                0x00000000080011f2                HAL_PCD_EP_GetRxCount
 .text.HAL_PCD_EP_Transmit
                0x0000000008001220       0x86 Drivers/STM32F1xx_HAL_Driver/Src/stm32f1xx_hal_pcd.o
                0x0000000008001220                HAL_PCD_EP_Transmit
 .text.HAL_PCD_EP_SetStall
                0x00000000080012a6       0xc0 Drivers/STM32F1xx_HAL_Driver/Src/stm32f1xx_hal_pcd.o
                0x00000000080012a6                HAL_PCD_EP_SetStall
 .text.HAL_PCD_EP_ClrStall
                0x0000000008001366       0xa8 Drivers/STM32F1xx_HAL_Driver/Src/stm32f1xx_hal_pcd.o
                0x0000000008001366                HAL_PCD_EP_ClrStall
 .text.PCD_EP_ISR_Handler
                0x000000000800140e      0x5e6 Drivers/STM32F1xx_HAL_Driver/Src/stm32f1xx_hal_pcd.o
 .text.HAL_PCD_EP_DB_Receive
                0x00000000080019f4      0x21a Drivers/STM32F1xx_HAL_Driver/Src/stm32f1xx_hal_pcd.o
 .text.HAL_PCD_EP_DB_Transmit
                0x0000000008001c0e      0x556 Drivers/STM32F1xx_HAL_Driver/Src/stm32f1xx_hal_pcd.o
 .text.HAL_PCDEx_PMAConfig
                0x0000000008002164       0x84 Drivers/STM32F1xx_HAL_Driver/Src/stm32f1xx_hal_pcd_ex.o
                0x0000000008002164                HAL_PCDEx_PMAConfig
 .text.HAL_RCC_OscConfig
                0x00000000080021e8      0x500 Drivers/STM32F1xx_HAL_Driver/Src/stm32f1xx_hal_rcc.o
                0x00000000080021e8                HAL_RCC_OscConfig
 .text.HAL_RCC_ClockConfig
                0x00000000080026e8      0x1d4 Drivers/STM32F1xx_HAL_Driver/Src/stm32f1xx_hal_rcc.o
                0x00000000080026e8                HAL_RCC_ClockConfig
 .text.HAL_RCC_GetSysClockFreq
                0x00000000080028bc       0xc0 Drivers/STM32F1xx_HAL_Driver/Src/stm32f1xx_hal_rcc.o
                0x00000000080028bc                HAL_RCC_GetSysClockFreq
 .text.RCC_Delay
                0x000000000800297c       0x3c Drivers/STM32F1xx_HAL_Driver/Src/stm32f1xx_hal_rcc.o
 .text.HAL_RCCEx_PeriphCLKConfig
                0x00000000080029b8      0x16c Drivers/STM32F1xx_HAL_Driver/Src/stm32f1xx_hal_rcc_ex.o
                0x00000000080029b8                HAL_RCCEx_PeriphCLKConfig
 .text.USB_CoreInit
                0x0000000008002b24       0x20 Drivers/STM32F1xx_HAL_Driver/Src/stm32f1xx_ll_usb.o
                0x0000000008002b24                USB_CoreInit
 .text.USB_EnableGlobalInt
                0x0000000008002b44       0x2c Drivers/STM32F1xx_HAL_Driver/Src/stm32f1xx_ll_usb.o
                0x0000000008002b44                USB_EnableGlobalInt
 .text.USB_DisableGlobalInt
                0x0000000008002b70       0x34 Drivers/STM32F1xx_HAL_Driver/Src/stm32f1xx_ll_usb.o
                0x0000000008002b70                USB_DisableGlobalInt
 .text.USB_SetCurrentMode
                0x0000000008002ba4       0x18 Drivers/STM32F1xx_HAL_Driver/Src/stm32f1xx_ll_usb.o
                0x0000000008002ba4                USB_SetCurrentMode
 .text.USB_DevInit
                0x0000000008002bbc       0x40 Drivers/STM32F1xx_HAL_Driver/Src/stm32f1xx_ll_usb.o
                0x0000000008002bbc                USB_DevInit
 .text.USB_ActivateEndpoint
                0x0000000008002bfc      0x6d4 Drivers/STM32F1xx_HAL_Driver/Src/stm32f1xx_ll_usb.o
                0x0000000008002bfc                USB_ActivateEndpoint
 .text.USB_DeactivateEndpoint
                0x00000000080032d0      0x3d8 Drivers/STM32F1xx_HAL_Driver/Src/stm32f1xx_ll_usb.o
                0x00000000080032d0                USB_DeactivateEndpoint
 .text.USB_EPStartXfer
                0x00000000080036a8     0x1240 Drivers/STM32F1xx_HAL_Driver/Src/stm32f1xx_ll_usb.o
                0x00000000080036a8                USB_EPStartXfer
 .text.USB_EPSetStall
                0x00000000080048e8       0xa0 Drivers/STM32F1xx_HAL_Driver/Src/stm32f1xx_ll_usb.o
                0x00000000080048e8                USB_EPSetStall
 .text.USB_EPClearStall
                0x0000000008004988      0x15a Drivers/STM32F1xx_HAL_Driver/Src/stm32f1xx_ll_usb.o
                0x0000000008004988                USB_EPClearStall
 .text.USB_SetDevAddress
                0x0000000008004ae2       0x26 Drivers/STM32F1xx_HAL_Driver/Src/stm32f1xx_ll_usb.o
                0x0000000008004ae2                USB_SetDevAddress
 .text.USB_DevConnect
                0x0000000008004b08       0x14 Drivers/STM32F1xx_HAL_Driver/Src/stm32f1xx_ll_usb.o
                0x0000000008004b08                USB_DevConnect
 .text.USB_DevDisconnect
                0x0000000008004b1c       0x14 Drivers/STM32F1xx_HAL_Driver/Src/stm32f1xx_ll_usb.o
                0x0000000008004b1c                USB_DevDisconnect
 .text.USB_ReadInterrupts
                0x0000000008004b30       0x1e Drivers/STM32F1xx_HAL_Driver/Src/stm32f1xx_ll_usb.o
                0x0000000008004b30                USB_ReadInterrupts
 .text.USB_EP0_OutStart
                0x0000000008004b4e       0x16 Drivers/STM32F1xx_HAL_Driver/Src/stm32f1xx_ll_usb.o
                0x0000000008004b4e                USB_EP0_OutStart
 .text.USB_WritePMA
                0x0000000008004b64       0x8a Drivers/STM32F1xx_HAL_Driver/Src/stm32f1xx_ll_usb.o
                0x0000000008004b64                USB_WritePMA
 .text.USB_ReadPMA
                0x0000000008004bee       0x9e Drivers/STM32F1xx_HAL_Driver/Src/stm32f1xx_ll_usb.o
                0x0000000008004bee                USB_ReadPMA
 .text.USBD_CDC_Init
                0x0000000008004c8c       0xf4 Middlewares/ST/STM32_USB_Device_Library/Class/CDC/Src/usbd_cdc.o
 .text.USBD_CDC_DeInit
                0x0000000008004d80       0x6e Middlewares/ST/STM32_USB_Device_Library/Class/CDC/Src/usbd_cdc.o
 .text.USBD_CDC_Setup
                0x0000000008004dee      0x146 Middlewares/ST/STM32_USB_Device_Library/Class/CDC/Src/usbd_cdc.o
 .text.USBD_CDC_DataIn
                0x0000000008004f34       0xa6 Middlewares/ST/STM32_USB_Device_Library/Class/CDC/Src/usbd_cdc.o
 .text.USBD_CDC_DataOut
                0x0000000008004fda       0x56 Middlewares/ST/STM32_USB_Device_Library/Class/CDC/Src/usbd_cdc.o
 .text.USBD_CDC_EP0_RxReady
                0x0000000008005030       0x50 Middlewares/ST/STM32_USB_Device_Library/Class/CDC/Src/usbd_cdc.o
 .text.USBD_CDC_GetFSCfgDesc
                0x0000000008005080       0x20 Middlewares/ST/STM32_USB_Device_Library/Class/CDC/Src/usbd_cdc.o
 .text.USBD_CDC_GetHSCfgDesc
                0x00000000080050a0       0x20 Middlewares/ST/STM32_USB_Device_Library/Class/CDC/Src/usbd_cdc.o
 .text.USBD_CDC_GetOtherSpeedCfgDesc
                0x00000000080050c0       0x20 Middlewares/ST/STM32_USB_Device_Library/Class/CDC/Src/usbd_cdc.o
 .text.USBD_CDC_GetDeviceQualifierDescriptor
                0x00000000080050e0       0x20 Middlewares/ST/STM32_USB_Device_Library/Class/CDC/Src/usbd_cdc.o
                0x00000000080050e0                USBD_CDC_GetDeviceQualifierDescriptor
 .text.USBD_CDC_RegisterInterface
                0x0000000008005100       0x2c Middlewares/ST/STM32_USB_Device_Library/Class/CDC/Src/usbd_cdc.o
                0x0000000008005100                USBD_CDC_RegisterInterface
 .text.USBD_CDC_SetTxBuffer
                0x000000000800512c       0x32 Middlewares/ST/STM32_USB_Device_Library/Class/CDC/Src/usbd_cdc.o
                0x000000000800512c                USBD_CDC_SetTxBuffer
 .text.USBD_CDC_SetRxBuffer
                0x000000000800515e       0x26 Middlewares/ST/STM32_USB_Device_Library/Class/CDC/Src/usbd_cdc.o
                0x000000000800515e                USBD_CDC_SetRxBuffer
 .text.USBD_CDC_TransmitPacket
                0x0000000008005184       0x5e Middlewares/ST/STM32_USB_Device_Library/Class/CDC/Src/usbd_cdc.o
                0x0000000008005184                USBD_CDC_TransmitPacket
 .text.USBD_CDC_ReceivePacket
                0x00000000080051e2       0x54 Middlewares/ST/STM32_USB_Device_Library/Class/CDC/Src/usbd_cdc.o
                0x00000000080051e2                USBD_CDC_ReceivePacket
 .text.USBD_Init
                0x0000000008005236       0x56 Middlewares/ST/STM32_USB_Device_Library/Core/Src/usbd_core.o
                0x0000000008005236                USBD_Init
 .text.USBD_RegisterClass
                0x000000000800528c       0x32 Middlewares/ST/STM32_USB_Device_Library/Core/Src/usbd_core.o
                0x000000000800528c                USBD_RegisterClass
 .text.USBD_Start
                0x00000000080052be       0x18 Middlewares/ST/STM32_USB_Device_Library/Core/Src/usbd_core.o
                0x00000000080052be                USBD_Start
 .text.USBD_RunTestMode
                0x00000000080052d6       0x14 Middlewares/ST/STM32_USB_Device_Library/Core/Src/usbd_core.o
                0x00000000080052d6                USBD_RunTestMode
 .text.USBD_SetClassConfig
                0x00000000080052ea       0x3e Middlewares/ST/STM32_USB_Device_Library/Core/Src/usbd_core.o
                0x00000000080052ea                USBD_SetClassConfig
 .text.USBD_ClrClassConfig
                0x0000000008005328       0x26 Middlewares/ST/STM32_USB_Device_Library/Core/Src/usbd_core.o
                0x0000000008005328                USBD_ClrClassConfig
 .text.USBD_LL_SetupStage
                0x000000000800534e       0x9a Middlewares/ST/STM32_USB_Device_Library/Core/Src/usbd_core.o
                0x000000000800534e                USBD_LL_SetupStage
 .text.USBD_LL_DataOutStage
                0x00000000080053e8       0xe2 Middlewares/ST/STM32_USB_Device_Library/Core/Src/usbd_core.o
                0x00000000080053e8                USBD_LL_DataOutStage
 .text.USBD_LL_DataInStage
                0x00000000080054ca      0x14a Middlewares/ST/STM32_USB_Device_Library/Core/Src/usbd_core.o
                0x00000000080054ca                USBD_LL_DataInStage
 .text.USBD_LL_Reset
                0x0000000008005614       0x82 Middlewares/ST/STM32_USB_Device_Library/Core/Src/usbd_core.o
                0x0000000008005614                USBD_LL_Reset
 .text.USBD_LL_SetSpeed
                0x0000000008005696       0x1e Middlewares/ST/STM32_USB_Device_Library/Core/Src/usbd_core.o
                0x0000000008005696                USBD_LL_SetSpeed
 .text.USBD_LL_Suspend
                0x00000000080056b4       0x28 Middlewares/ST/STM32_USB_Device_Library/Core/Src/usbd_core.o
                0x00000000080056b4                USBD_LL_Suspend
 .text.USBD_LL_Resume
                0x00000000080056dc       0x2a Middlewares/ST/STM32_USB_Device_Library/Core/Src/usbd_core.o
                0x00000000080056dc                USBD_LL_Resume
 .text.USBD_LL_SOF
                0x0000000008005706       0x34 Middlewares/ST/STM32_USB_Device_Library/Core/Src/usbd_core.o
                0x0000000008005706                USBD_LL_SOF
 *fill*         0x000000000800573a        0x2 
 .text.USBD_StdDevReq
                0x000000000800573c       0xd4 Middlewares/ST/STM32_USB_Device_Library/Core/Src/usbd_ctlreq.o
                0x000000000800573c                USBD_StdDevReq
 .text.USBD_StdItfReq
                0x0000000008005810       0x90 Middlewares/ST/STM32_USB_Device_Library/Core/Src/usbd_ctlreq.o
                0x0000000008005810                USBD_StdItfReq
 .text.USBD_StdEPReq
                0x00000000080058a0      0x2c6 Middlewares/ST/STM32_USB_Device_Library/Core/Src/usbd_ctlreq.o
                0x00000000080058a0                USBD_StdEPReq
 *fill*         0x0000000008005b66        0x2 
 .text.USBD_GetDescriptor
                0x0000000008005b68      0x2d0 Middlewares/ST/STM32_USB_Device_Library/Core/Src/usbd_ctlreq.o
 .text.USBD_SetAddress
                0x0000000008005e38       0x86 Middlewares/ST/STM32_USB_Device_Library/Core/Src/usbd_ctlreq.o
 *fill*         0x0000000008005ebe        0x2 
 .text.USBD_SetConfig
                0x0000000008005ec0      0x11c Middlewares/ST/STM32_USB_Device_Library/Core/Src/usbd_ctlreq.o
 .text.USBD_GetConfig
                0x0000000008005fdc       0x6a Middlewares/ST/STM32_USB_Device_Library/Core/Src/usbd_ctlreq.o
 .text.USBD_GetStatus
                0x0000000008006046       0x66 Middlewares/ST/STM32_USB_Device_Library/Core/Src/usbd_ctlreq.o
 .text.USBD_SetFeature
                0x00000000080060ac       0x28 Middlewares/ST/STM32_USB_Device_Library/Core/Src/usbd_ctlreq.o
 .text.USBD_ClrFeature
                0x00000000080060d4       0x42 Middlewares/ST/STM32_USB_Device_Library/Core/Src/usbd_ctlreq.o
 .text.USBD_ParseSetupRequest
                0x0000000008006116       0x78 Middlewares/ST/STM32_USB_Device_Library/Core/Src/usbd_ctlreq.o
                0x0000000008006116                USBD_ParseSetupRequest
 .text.USBD_CtlError
                0x000000000800618e       0x22 Middlewares/ST/STM32_USB_Device_Library/Core/Src/usbd_ctlreq.o
                0x000000000800618e                USBD_CtlError
 .text.USBD_GetString
                0x00000000080061b0       0x84 Middlewares/ST/STM32_USB_Device_Library/Core/Src/usbd_ctlreq.o
                0x00000000080061b0                USBD_GetString
 .text.USBD_GetLen
                0x0000000008006234       0x2e Middlewares/ST/STM32_USB_Device_Library/Core/Src/usbd_ctlreq.o
 .text.USBD_CtlSendData
                0x0000000008006262       0x38 Middlewares/ST/STM32_USB_Device_Library/Core/Src/usbd_ioreq.o
                0x0000000008006262                USBD_CtlSendData
 .text.USBD_CtlContinueSendData
                0x000000000800629a       0x24 Middlewares/ST/STM32_USB_Device_Library/Core/Src/usbd_ioreq.o
                0x000000000800629a                USBD_CtlContinueSendData
 .text.USBD_CtlPrepareRx
                0x00000000080062be       0x3c Middlewares/ST/STM32_USB_Device_Library/Core/Src/usbd_ioreq.o
                0x00000000080062be                USBD_CtlPrepareRx
 .text.USBD_CtlContinueRx
                0x00000000080062fa       0x24 Middlewares/ST/STM32_USB_Device_Library/Core/Src/usbd_ioreq.o
                0x00000000080062fa                USBD_CtlContinueRx
 .text.USBD_CtlSendStatus
                0x000000000800631e       0x26 Middlewares/ST/STM32_USB_Device_Library/Core/Src/usbd_ioreq.o
                0x000000000800631e                USBD_CtlSendStatus
 .text.USBD_CtlReceiveStatus
                0x0000000008006344       0x26 Middlewares/ST/STM32_USB_Device_Library/Core/Src/usbd_ioreq.o
                0x0000000008006344                USBD_CtlReceiveStatus
 *fill*         0x000000000800636a        0x2 
 .text.MX_USB_DEVICE_Init
                0x000000000800636c       0xa4 USB_DEVICE/App/usb_device.o
                0x000000000800636c                MX_USB_DEVICE_Init
 .text.CDC_Init_FS
                0x0000000008006410       0x70 USB_DEVICE/App/usbd_cdc_if.o
 .text.CDC_DeInit_FS
                0x0000000008006480        0xe USB_DEVICE/App/usbd_cdc_if.o
 *fill*         0x000000000800648e        0x2 
 .text.CDC_Control_FS
                0x0000000008006490      0x108 USB_DEVICE/App/usbd_cdc_if.o
 .text.CDC_Receive_FS
                0x0000000008006598       0x48 USB_DEVICE/App/usbd_cdc_if.o
 .text.CDC_Transmit_FS
                0x00000000080065e0       0x4c USB_DEVICE/App/usbd_cdc_if.o
                0x00000000080065e0                CDC_Transmit_FS
 .text.USBD_FS_DeviceDescriptor
                0x000000000800662c       0x24 USB_DEVICE/App/usbd_desc.o
                0x000000000800662c                USBD_FS_DeviceDescriptor
 .text.USBD_FS_LangIDStrDescriptor
                0x0000000008006650       0x24 USB_DEVICE/App/usbd_desc.o
                0x0000000008006650                USBD_FS_LangIDStrDescriptor
 .text.USBD_FS_ProductStrDescriptor
                0x0000000008006674       0x3c USB_DEVICE/App/usbd_desc.o
                0x0000000008006674                USBD_FS_ProductStrDescriptor
 .text.USBD_FS_ManufacturerStrDescriptor
                0x00000000080066b0       0x28 USB_DEVICE/App/usbd_desc.o
                0x00000000080066b0                USBD_FS_ManufacturerStrDescriptor
 .text.USBD_FS_SerialStrDescriptor
                0x00000000080066d8       0x24 USB_DEVICE/App/usbd_desc.o
                0x00000000080066d8                USBD_FS_SerialStrDescriptor
 .text.USBD_FS_ConfigStrDescriptor
                0x00000000080066fc       0x3c USB_DEVICE/App/usbd_desc.o
                0x00000000080066fc                USBD_FS_ConfigStrDescriptor
 .text.USBD_FS_InterfaceStrDescriptor
                0x0000000008006738       0x3c USB_DEVICE/App/usbd_desc.o
                0x0000000008006738                USBD_FS_InterfaceStrDescriptor
 .text.Get_SerialNum
                0x0000000008006774       0x58 USB_DEVICE/App/usbd_desc.o
 .text.IntToUnicode
                0x00000000080067cc       0x7c USB_DEVICE/App/usbd_desc.o
 .text.HAL_PCD_MspInit
                0x0000000008006848       0x4c USB_DEVICE/Target/usbd_conf.o
                0x0000000008006848                HAL_PCD_MspInit
 .text.HAL_PCD_SetupStageCallback
                0x0000000008006894       0x24 USB_DEVICE/Target/usbd_conf.o
                0x0000000008006894                HAL_PCD_SetupStageCallback
 .text.HAL_PCD_DataOutStageCallback
                0x00000000080068b8       0x36 USB_DEVICE/Target/usbd_conf.o
                0x00000000080068b8                HAL_PCD_DataOutStageCallback
 .text.HAL_PCD_DataInStageCallback
                0x00000000080068ee       0x34 USB_DEVICE/Target/usbd_conf.o
                0x00000000080068ee                HAL_PCD_DataInStageCallback
 .text.HAL_PCD_SOFCallback
                0x0000000008006922       0x1c USB_DEVICE/Target/usbd_conf.o
                0x0000000008006922                HAL_PCD_SOFCallback
 .text.HAL_PCD_ResetCallback
                0x000000000800693e       0x3c USB_DEVICE/Target/usbd_conf.o
                0x000000000800693e                HAL_PCD_ResetCallback
 *fill*         0x000000000800697a        0x2 
 .text.HAL_PCD_SuspendCallback
                0x000000000800697c       0x34 USB_DEVICE/Target/usbd_conf.o
                0x000000000800697c                HAL_PCD_SuspendCallback
 .text.HAL_PCD_ResumeCallback
                0x00000000080069b0       0x1c USB_DEVICE/Target/usbd_conf.o
                0x00000000080069b0                HAL_PCD_ResumeCallback
 .text.USBD_LL_Init
                0x00000000080069cc       0xb4 USB_DEVICE/Target/usbd_conf.o
                0x00000000080069cc                USBD_LL_Init
 .text.USBD_LL_Start
                0x0000000008006a80       0x36 USB_DEVICE/Target/usbd_conf.o
                0x0000000008006a80                USBD_LL_Start
 .text.USBD_LL_OpenEP
                0x0000000008006ab6       0x4c USB_DEVICE/Target/usbd_conf.o
                0x0000000008006ab6                USBD_LL_OpenEP
 .text.USBD_LL_CloseEP
                0x0000000008006b02       0x3e USB_DEVICE/Target/usbd_conf.o
                0x0000000008006b02                USBD_LL_CloseEP
 .text.USBD_LL_StallEP
                0x0000000008006b40       0x3e USB_DEVICE/Target/usbd_conf.o
                0x0000000008006b40                USBD_LL_StallEP
 .text.USBD_LL_ClearStallEP
                0x0000000008006b7e       0x3e USB_DEVICE/Target/usbd_conf.o
                0x0000000008006b7e                USBD_LL_ClearStallEP
 .text.USBD_LL_IsStallEP
                0x0000000008006bbc       0x58 USB_DEVICE/Target/usbd_conf.o
                0x0000000008006bbc                USBD_LL_IsStallEP
 .text.USBD_LL_SetUSBAddress
                0x0000000008006c14       0x3e USB_DEVICE/Target/usbd_conf.o
                0x0000000008006c14                USBD_LL_SetUSBAddress
 .text.USBD_LL_Transmit
                0x0000000008006c52       0x46 USB_DEVICE/Target/usbd_conf.o
                0x0000000008006c52                USBD_LL_Transmit
 .text.USBD_LL_PrepareReceive
                0x0000000008006c98       0x46 USB_DEVICE/Target/usbd_conf.o
                0x0000000008006c98                USBD_LL_PrepareReceive
 .text.USBD_LL_GetRxDataSize
                0x0000000008006cde       0x26 USB_DEVICE/Target/usbd_conf.o
                0x0000000008006cde                USBD_LL_GetRxDataSize
 .text.USBD_static_malloc
                0x0000000008006d04       0x18 USB_DEVICE/Target/usbd_conf.o
                0x0000000008006d04                USBD_static_malloc
 .text.USBD_static_free
                0x0000000008006d1c       0x12 USB_DEVICE/Target/usbd_conf.o
                0x0000000008006d1c                USBD_static_free
 .text.HAL_PCDEx_SetConnectionState
                0x0000000008006d2e       0x16 USB_DEVICE/Target/usbd_conf.o
                0x0000000008006d2e                HAL_PCDEx_SetConnectionState
 .text.USBD_Get_USB_Status
                0x0000000008006d44       0x58 USB_DEVICE/Target/usbd_conf.o
 .text.__libc_init_array
                0x0000000008006d9c       0x48 c:/st/stm32cubeide_1.6.0/stm32cubeide/plugins/com.st.stm32cube.ide.mcu.externaltools.gnu-tools-for-stm32.9-2020-q2-update.win32_1.5.0.202011040924/tools/bin/../lib/gcc/arm-none-eabi/9.3.1/../../../../arm-none-eabi/lib/thumb/v7-m/nofp\libc_nano.a(lib_a-init.o)
                0x0000000008006d9c                __libc_init_array
 .text.memcpy   0x0000000008006de4       0x1c c:/st/stm32cubeide_1.6.0/stm32cubeide/plugins/com.st.stm32cube.ide.mcu.externaltools.gnu-tools-for-stm32.9-2020-q2-update.win32_1.5.0.202011040924/tools/bin/../lib/gcc/arm-none-eabi/9.3.1/../../../../arm-none-eabi/lib/thumb/v7-m/nofp\libc_nano.a(lib_a-memcpy-stub.o)
                0x0000000008006de4                memcpy
 .text.memset   0x0000000008006e00       0x10 c:/st/stm32cubeide_1.6.0/stm32cubeide/plugins/com.st.stm32cube.ide.mcu.externaltools.gnu-tools-for-stm32.9-2020-q2-update.win32_1.5.0.202011040924/tools/bin/../lib/gcc/arm-none-eabi/9.3.1/../../../../arm-none-eabi/lib/thumb/v7-m/nofp\libc_nano.a(lib_a-memset.o)
                0x0000000008006e00                memset
 *(.glue_7)
 .glue_7        0x0000000008006e10        0x0 linker stubs
 *(.glue_7t)
 .glue_7t       0x0000000008006e10        0x0 linker stubs
 *(.eh_frame)
 .eh_frame      0x0000000008006e10        0x0 c:/st/stm32cubeide_1.6.0/stm32cubeide/plugins/com.st.stm32cube.ide.mcu.externaltools.gnu-tools-for-stm32.9-2020-q2-update.win32_1.5.0.202011040924/tools/bin/../lib/gcc/arm-none-eabi/9.3.1/thumb/v7-m/nofp/crtbegin.o
 *(.init)
 .init          0x0000000008006e10        0x4 c:/st/stm32cubeide_1.6.0/stm32cubeide/plugins/com.st.stm32cube.ide.mcu.externaltools.gnu-tools-for-stm32.9-2020-q2-update.win32_1.5.0.202011040924/tools/bin/../lib/gcc/arm-none-eabi/9.3.1/thumb/v7-m/nofp/crti.o
                0x0000000008006e10                _init
 .init          0x0000000008006e14        0x8 c:/st/stm32cubeide_1.6.0/stm32cubeide/plugins/com.st.stm32cube.ide.mcu.externaltools.gnu-tools-for-stm32.9-2020-q2-update.win32_1.5.0.202011040924/tools/bin/../lib/gcc/arm-none-eabi/9.3.1/thumb/v7-m/nofp/crtn.o
 *(.fini)
 .fini          0x0000000008006e1c        0x4 c:/st/stm32cubeide_1.6.0/stm32cubeide/plugins/com.st.stm32cube.ide.mcu.externaltools.gnu-tools-for-stm32.9-2020-q2-update.win32_1.5.0.202011040924/tools/bin/../lib/gcc/arm-none-eabi/9.3.1/thumb/v7-m/nofp/crti.o
                0x0000000008006e1c                _fini
 .fini          0x0000000008006e20        0x8 c:/st/stm32cubeide_1.6.0/stm32cubeide/plugins/com.st.stm32cube.ide.mcu.externaltools.gnu-tools-for-stm32.9-2020-q2-update.win32_1.5.0.202011040924/tools/bin/../lib/gcc/arm-none-eabi/9.3.1/thumb/v7-m/nofp/crtn.o
                0x0000000008006e28                . = ALIGN (0x4)
                0x0000000008006e28                _etext = .

.vfp11_veneer   0x0000000008006e28        0x0
 .vfp11_veneer  0x0000000008006e28        0x0 linker stubs

.v4_bx          0x0000000008006e28        0x0
 .v4_bx         0x0000000008006e28        0x0 linker stubs

.iplt           0x0000000008006e28        0x0
 .iplt          0x0000000008006e28        0x0 c:/st/stm32cubeide_1.6.0/stm32cubeide/plugins/com.st.stm32cube.ide.mcu.externaltools.gnu-tools-for-stm32.9-2020-q2-update.win32_1.5.0.202011040924/tools/bin/../lib/gcc/arm-none-eabi/9.3.1/thumb/v7-m/nofp/crtbegin.o

.rodata         0x0000000008006e28       0x74
                0x0000000008006e28                . = ALIGN (0x4)
 *(.rodata)
 .rodata        0x0000000008006e28       0x14 Core/Src/main.o
 .rodata        0x0000000008006e3c       0x10 Drivers/STM32F1xx_HAL_Driver/Src/stm32f1xx_hal_rcc.o
 .rodata        0x0000000008006e4c       0x3e USB_DEVICE/App/usbd_desc.o
 *(.rodata*)
 *fill*         0x0000000008006e8a        0x2 
 .rodata.AHBPrescTable
                0x0000000008006e8c       0x10 Core/Src/system_stm32f1xx.o
                0x0000000008006e8c                AHBPrescTable
                0x0000000008006e9c                . = ALIGN (0x4)

.rel.dyn        0x0000000008006e9c        0x0
 .rel.iplt      0x0000000008006e9c        0x0 c:/st/stm32cubeide_1.6.0/stm32cubeide/plugins/com.st.stm32cube.ide.mcu.externaltools.gnu-tools-for-stm32.9-2020-q2-update.win32_1.5.0.202011040924/tools/bin/../lib/gcc/arm-none-eabi/9.3.1/thumb/v7-m/nofp/crtbegin.o

.ARM.extab      0x0000000008006e9c        0x0
                0x0000000008006e9c                . = ALIGN (0x4)
 *(.ARM.extab* .gnu.linkonce.armextab.*)
                0x0000000008006e9c                . = ALIGN (0x4)

.ARM            0x0000000008006e9c        0x0
                0x0000000008006e9c                . = ALIGN (0x4)
                0x0000000008006e9c                __exidx_start = .
 *(.ARM.exidx*)
                0x0000000008006e9c                __exidx_end = .
                0x0000000008006e9c                . = ALIGN (0x4)

.preinit_array  0x0000000008006e9c        0x0
                0x0000000008006e9c                . = ALIGN (0x4)
                0x0000000008006e9c                PROVIDE (__preinit_array_start = .)
 *(.preinit_array*)
                0x0000000008006e9c                PROVIDE (__preinit_array_end = .)
                0x0000000008006e9c                . = ALIGN (0x4)

.init_array     0x0000000008006e9c        0x4
                0x0000000008006e9c                . = ALIGN (0x4)
                0x0000000008006e9c                PROVIDE (__init_array_start = .)
 *(SORT_BY_NAME(.init_array.*))
 *(.init_array*)
 .init_array    0x0000000008006e9c        0x4 c:/st/stm32cubeide_1.6.0/stm32cubeide/plugins/com.st.stm32cube.ide.mcu.externaltools.gnu-tools-for-stm32.9-2020-q2-update.win32_1.5.0.202011040924/tools/bin/../lib/gcc/arm-none-eabi/9.3.1/thumb/v7-m/nofp/crtbegin.o
                0x0000000008006ea0                PROVIDE (__init_array_end = .)
                0x0000000008006ea0                . = ALIGN (0x4)

.fini_array     0x0000000008006ea0        0x4
                0x0000000008006ea0                . = ALIGN (0x4)
                [!provide]                        PROVIDE (__fini_array_start = .)
 *(SORT_BY_NAME(.fini_array.*))
 *(.fini_array*)
 .fini_array    0x0000000008006ea0        0x4 c:/st/stm32cubeide_1.6.0/stm32cubeide/plugins/com.st.stm32cube.ide.mcu.externaltools.gnu-tools-for-stm32.9-2020-q2-update.win32_1.5.0.202011040924/tools/bin/../lib/gcc/arm-none-eabi/9.3.1/thumb/v7-m/nofp/crtbegin.o
                [!provide]                        PROVIDE (__fini_array_end = .)
                0x0000000008006ea4                . = ALIGN (0x4)
                0x0000000008006ea4                _sidata = LOADADDR (.data)

.data           0x0000000020000000      0x180 load address 0x0000000008006ea4
                0x0000000020000000                . = ALIGN (0x4)
                0x0000000020000000                _sdata = .
 *(.data)
 *(.data*)
 .data.data     0x0000000020000000        0x4 Core/Src/main.o
                0x0000000020000000                data
 .data.SystemCoreClock
                0x0000000020000004        0x4 Core/Src/system_stm32f1xx.o
                0x0000000020000004                SystemCoreClock
 .data.uwTickPrio
                0x0000000020000008        0x4 Drivers/STM32F1xx_HAL_Driver/Src/stm32f1xx_hal.o
                0x0000000020000008                uwTickPrio
 .data.uwTickFreq
                0x000000002000000c        0x1 Drivers/STM32F1xx_HAL_Driver/Src/stm32f1xx_hal.o
                0x000000002000000c                uwTickFreq
 *fill*         0x000000002000000d        0x3 
 .data.USBD_CDC_DeviceQualifierDesc
                0x0000000020000010        0xa Middlewares/ST/STM32_USB_Device_Library/Class/CDC/Src/usbd_cdc.o
 *fill*         0x000000002000001a        0x2 
 .data.USBD_CDC
                0x000000002000001c       0x38 Middlewares/ST/STM32_USB_Device_Library/Class/CDC/Src/usbd_cdc.o
                0x000000002000001c                USBD_CDC
 .data.USBD_CDC_CfgHSDesc
                0x0000000020000054       0x43 Middlewares/ST/STM32_USB_Device_Library/Class/CDC/Src/usbd_cdc.o
                0x0000000020000054                USBD_CDC_CfgHSDesc
 *fill*         0x0000000020000097        0x1 
 .data.USBD_CDC_CfgFSDesc
                0x0000000020000098       0x43 Middlewares/ST/STM32_USB_Device_Library/Class/CDC/Src/usbd_cdc.o
                0x0000000020000098                USBD_CDC_CfgFSDesc
 *fill*         0x00000000200000db        0x1 
 .data.USBD_CDC_OtherSpeedCfgDesc
                0x00000000200000dc       0x43 Middlewares/ST/STM32_USB_Device_Library/Class/CDC/Src/usbd_cdc.o
                0x00000000200000dc                USBD_CDC_OtherSpeedCfgDesc
 *fill*         0x000000002000011f        0x1 
 .data.USBD_Interface_fops_FS
                0x0000000020000120       0x10 USB_DEVICE/App/usbd_cdc_if.o
                0x0000000020000120                USBD_Interface_fops_FS
 .data.FS_Desc  0x0000000020000130       0x1c USB_DEVICE/App/usbd_desc.o
                0x0000000020000130                FS_Desc
 .data.USBD_FS_DeviceDesc
                0x000000002000014c       0x12 USB_DEVICE/App/usbd_desc.o
                0x000000002000014c                USBD_FS_DeviceDesc
 *fill*         0x000000002000015e        0x2 
 .data.USBD_LangIDDesc
                0x0000000020000160        0x4 USB_DEVICE/App/usbd_desc.o
                0x0000000020000160                USBD_LangIDDesc
 .data.USBD_StringSerial
                0x0000000020000164       0x1a USB_DEVICE/App/usbd_desc.o
                0x0000000020000164                USBD_StringSerial
 *(.RamFunc)
 *(.RamFunc*)
                0x0000000020000180                . = ALIGN (0x4)
 *fill*         0x000000002000017e        0x2 
                0x0000000020000180                _edata = .

.igot.plt       0x0000000020000180        0x0 load address 0x0000000008007024
 .igot.plt      0x0000000020000180        0x0 c:/st/stm32cubeide_1.6.0/stm32cubeide/plugins/com.st.stm32cube.ide.mcu.externaltools.gnu-tools-for-stm32.9-2020-q2-update.win32_1.5.0.202011040924/tools/bin/../lib/gcc/arm-none-eabi/9.3.1/thumb/v7-m/nofp/crtbegin.o
                0x0000000020000180                . = ALIGN (0x4)

.bss            0x0000000020000180     0x120c load address 0x0000000008007024
                0x0000000020000180                _sbss = .
                0x0000000020000180                __bss_start__ = _sbss
 *(.bss)
 .bss           0x0000000020000180       0x1c c:/st/stm32cubeide_1.6.0/stm32cubeide/plugins/com.st.stm32cube.ide.mcu.externaltools.gnu-tools-for-stm32.9-2020-q2-update.win32_1.5.0.202011040924/tools/bin/../lib/gcc/arm-none-eabi/9.3.1/thumb/v7-m/nofp/crtbegin.o
 *(.bss*)
 .bss.cfgidx.7702
                0x000000002000019c        0x1 Middlewares/ST/STM32_USB_Device_Library/Core/Src/usbd_ctlreq.o
 *fill*         0x000000002000019d        0x3 
 .bss.mem.7772  0x00000000200001a0      0x220 USB_DEVICE/Target/usbd_conf.o
 *(COMMON)
 COMMON         0x00000000200003c0        0x4 Drivers/STM32F1xx_HAL_Driver/Src/stm32f1xx_hal.o
                0x00000000200003c0                uwTick
 COMMON         0x00000000200003c4      0x2c4 USB_DEVICE/App/usb_device.o
                0x00000000200003c4                hUsbDeviceFS
 COMMON         0x0000000020000688      0x817 USB_DEVICE/App/usbd_cdc_if.o
                0x0000000020000688                UserRxBufferFS
                0x0000000020000a70                UserTxBufferFS
                0x0000000020000e58                rxBuffer
                0x0000000020000e98                lcBuffer
 *fill*         0x0000000020000e9f        0x1 
 COMMON         0x0000000020000ea0      0x200 USB_DEVICE/App/usbd_desc.o
                0x0000000020000ea0                USBD_StrDesc
 COMMON         0x00000000200010a0      0x2ec USB_DEVICE/Target/usbd_conf.o
                0x00000000200010a0                hpcd_USB_FS
                0x000000002000138c                . = ALIGN (0x4)
                0x000000002000138c                _ebss = .
                0x000000002000138c                __bss_end__ = _ebss

._user_heap_stack
                0x000000002000138c      0x604 load address 0x0000000008007024
                0x0000000020001390                . = ALIGN (0x8)
 *fill*         0x000000002000138c        0x4 
                [!provide]                        PROVIDE (end = .)
                0x0000000020001390                PROVIDE (_end = .)
                0x0000000020001590                . = (. + _Min_Heap_Size)
 *fill*         0x0000000020001390      0x200 
                0x0000000020001990                . = (. + _Min_Stack_Size)
 *fill*         0x0000000020001590      0x400 
                0x0000000020001990                . = ALIGN (0x8)

/DISCARD/
 libc.a(*)
 libm.a(*)
 libgcc.a(*)

.ARM.attributes
                0x0000000000000000       0x29
 *(.ARM.attributes)
 .ARM.attributes
                0x0000000000000000       0x1d c:/st/stm32cubeide_1.6.0/stm32cubeide/plugins/com.st.stm32cube.ide.mcu.externaltools.gnu-tools-for-stm32.9-2020-q2-update.win32_1.5.0.202011040924/tools/bin/../lib/gcc/arm-none-eabi/9.3.1/thumb/v7-m/nofp/crti.o
 .ARM.attributes
                0x000000000000001d       0x2d c:/st/stm32cubeide_1.6.0/stm32cubeide/plugins/com.st.stm32cube.ide.mcu.externaltools.gnu-tools-for-stm32.9-2020-q2-update.win32_1.5.0.202011040924/tools/bin/../lib/gcc/arm-none-eabi/9.3.1/thumb/v7-m/nofp/crtbegin.o
 .ARM.attributes
                0x000000000000004a       0x2d Core/Src/main.o
 .ARM.attributes
                0x0000000000000077       0x2d Core/Src/stm32f1xx_hal_msp.o
 .ARM.attributes
                0x00000000000000a4       0x2d Core/Src/stm32f1xx_it.o
 .ARM.attributes
                0x00000000000000d1       0x2d Core/Src/system_stm32f1xx.o
 .ARM.attributes
                0x00000000000000fe       0x21 Core/Startup/startup_stm32f103c8tx.o
 .ARM.attributes
                0x000000000000011f       0x2d Drivers/STM32F1xx_HAL_Driver/Src/stm32f1xx_hal.o
 .ARM.attributes
                0x000000000000014c       0x2d Drivers/STM32F1xx_HAL_Driver/Src/stm32f1xx_hal_cortex.o
 .ARM.attributes
                0x0000000000000179       0x2d Drivers/STM32F1xx_HAL_Driver/Src/stm32f1xx_hal_gpio.o
 .ARM.attributes
                0x00000000000001a6       0x2d Drivers/STM32F1xx_HAL_Driver/Src/stm32f1xx_hal_pcd.o
 .ARM.attributes
                0x00000000000001d3       0x2d Drivers/STM32F1xx_HAL_Driver/Src/stm32f1xx_hal_pcd_ex.o
 .ARM.attributes
                0x0000000000000200       0x2d Drivers/STM32F1xx_HAL_Driver/Src/stm32f1xx_hal_rcc.o
 .ARM.attributes
                0x000000000000022d       0x2d Drivers/STM32F1xx_HAL_Driver/Src/stm32f1xx_hal_rcc_ex.o
 .ARM.attributes
                0x000000000000025a       0x2d Drivers/STM32F1xx_HAL_Driver/Src/stm32f1xx_ll_usb.o
 .ARM.attributes
                0x0000000000000287       0x2d Middlewares/ST/STM32_USB_Device_Library/Class/CDC/Src/usbd_cdc.o
 .ARM.attributes
                0x00000000000002b4       0x2d Middlewares/ST/STM32_USB_Device_Library/Core/Src/usbd_core.o
 .ARM.attributes
                0x00000000000002e1       0x2d Middlewares/ST/STM32_USB_Device_Library/Core/Src/usbd_ctlreq.o
 .ARM.attributes
                0x000000000000030e       0x2d Middlewares/ST/STM32_USB_Device_Library/Core/Src/usbd_ioreq.o
 .ARM.attributes
                0x000000000000033b       0x2d USB_DEVICE/App/usb_device.o
 .ARM.attributes
                0x0000000000000368       0x2d USB_DEVICE/App/usbd_cdc_if.o
 .ARM.attributes
                0x0000000000000395       0x2d USB_DEVICE/App/usbd_desc.o
 .ARM.attributes
                0x00000000000003c2       0x2d USB_DEVICE/Target/usbd_conf.o
 .ARM.attributes
                0x00000000000003ef       0x2d c:/st/stm32cubeide_1.6.0/stm32cubeide/plugins/com.st.stm32cube.ide.mcu.externaltools.gnu-tools-for-stm32.9-2020-q2-update.win32_1.5.0.202011040924/tools/bin/../lib/gcc/arm-none-eabi/9.3.1/../../../../arm-none-eabi/lib/thumb/v7-m/nofp\libc_nano.a(lib_a-init.o)
 .ARM.attributes
                0x000000000000041c       0x2d c:/st/stm32cubeide_1.6.0/stm32cubeide/plugins/com.st.stm32cube.ide.mcu.externaltools.gnu-tools-for-stm32.9-2020-q2-update.win32_1.5.0.202011040924/tools/bin/../lib/gcc/arm-none-eabi/9.3.1/../../../../arm-none-eabi/lib/thumb/v7-m/nofp\libc_nano.a(lib_a-memcpy-stub.o)
 .ARM.attributes
                0x0000000000000449       0x2d c:/st/stm32cubeide_1.6.0/stm32cubeide/plugins/com.st.stm32cube.ide.mcu.externaltools.gnu-tools-for-stm32.9-2020-q2-update.win32_1.5.0.202011040924/tools/bin/../lib/gcc/arm-none-eabi/9.3.1/../../../../arm-none-eabi/lib/thumb/v7-m/nofp\libc_nano.a(lib_a-memset.o)
 .ARM.attributes
                0x0000000000000476       0x17 c:/st/stm32cubeide_1.6.0/stm32cubeide/plugins/com.st.stm32cube.ide.mcu.externaltools.gnu-tools-for-stm32.9-2020-q2-update.win32_1.5.0.202011040924/tools/bin/../lib/gcc/arm-none-eabi/9.3.1/../../../../arm-none-eabi/lib/thumb/v7-m/nofp\libc_nano.a(lib_a-strlen.o)
 .ARM.attributes
                0x000000000000048d       0x1d c:/st/stm32cubeide_1.6.0/stm32cubeide/plugins/com.st.stm32cube.ide.mcu.externaltools.gnu-tools-for-stm32.9-2020-q2-update.win32_1.5.0.202011040924/tools/bin/../lib/gcc/arm-none-eabi/9.3.1/thumb/v7-m/nofp/crtn.o
OUTPUT(BluePill-USB-CDC-Test.elf elf32-littlearm)
LOAD linker stubs
LOAD c:/st/stm32cubeide_1.6.0/stm32cubeide/plugins/com.st.stm32cube.ide.mcu.externaltools.gnu-tools-for-stm32.9-2020-q2-update.win32_1.5.0.202011040924/tools/bin/../lib/gcc/arm-none-eabi/9.3.1/../../../../arm-none-eabi/lib/thumb/v7-m/nofp\libc.a
LOAD c:/st/stm32cubeide_1.6.0/stm32cubeide/plugins/com.st.stm32cube.ide.mcu.externaltools.gnu-tools-for-stm32.9-2020-q2-update.win32_1.5.0.202011040924/tools/bin/../lib/gcc/arm-none-eabi/9.3.1/../../../../arm-none-eabi/lib/thumb/v7-m/nofp\libm.a
LOAD c:/st/stm32cubeide_1.6.0/stm32cubeide/plugins/com.st.stm32cube.ide.mcu.externaltools.gnu-tools-for-stm32.9-2020-q2-update.win32_1.5.0.202011040924/tools/bin/../lib/gcc/arm-none-eabi/9.3.1/thumb/v7-m/nofp\libgcc.a

.debug_info     0x0000000000000000    0x11a37
 .debug_info    0x0000000000000000     0x138c Core/Src/main.o
 .debug_info    0x000000000000138c      0x2fc Core/Src/stm32f1xx_hal_msp.o
 .debug_info    0x0000000000001688      0x711 Core/Src/stm32f1xx_it.o
 .debug_info    0x0000000000001d99      0x2be Core/Src/system_stm32f1xx.o
 .debug_info    0x0000000000002057       0x22 Core/Startup/startup_stm32f103c8tx.o
 .debug_info    0x0000000000002079      0x76a Drivers/STM32F1xx_HAL_Driver/Src/stm32f1xx_hal.o
 .debug_info    0x00000000000027e3      0xbdc Drivers/STM32F1xx_HAL_Driver/Src/stm32f1xx_hal_cortex.o
 .debug_info    0x00000000000033bf      0x701 Drivers/STM32F1xx_HAL_Driver/Src/stm32f1xx_hal_gpio.o
 .debug_info    0x0000000000003ac0     0x1332 Drivers/STM32F1xx_HAL_Driver/Src/stm32f1xx_hal_pcd.o
 .debug_info    0x0000000000004df2      0x7fa Drivers/STM32F1xx_HAL_Driver/Src/stm32f1xx_hal_pcd_ex.o
 .debug_info    0x00000000000055ec      0x88e Drivers/STM32F1xx_HAL_Driver/Src/stm32f1xx_hal_rcc.o
 .debug_info    0x0000000000005e7a      0x480 Drivers/STM32F1xx_HAL_Driver/Src/stm32f1xx_hal_rcc_ex.o
 .debug_info    0x00000000000062fa     0x1911 Drivers/STM32F1xx_HAL_Driver/Src/stm32f1xx_ll_usb.o
 .debug_info    0x0000000000007c0b     0x1938 Middlewares/ST/STM32_USB_Device_Library/Class/CDC/Src/usbd_cdc.o
 .debug_info    0x0000000000009543     0x12ef Middlewares/ST/STM32_USB_Device_Library/Core/Src/usbd_core.o
 .debug_info    0x000000000000a832     0x125c Middlewares/ST/STM32_USB_Device_Library/Core/Src/usbd_ctlreq.o
 .debug_info    0x000000000000ba8e     0x102e Middlewares/ST/STM32_USB_Device_Library/Core/Src/usbd_ioreq.o
 .debug_info    0x000000000000cabc     0x105a USB_DEVICE/App/usb_device.o
 .debug_info    0x000000000000db16     0x11b3 USB_DEVICE/App/usbd_cdc_if.o
 .debug_info    0x000000000000ecc9      0xde8 USB_DEVICE/App/usbd_desc.o
 .debug_info    0x000000000000fab1     0x1f86 USB_DEVICE/Target/usbd_conf.o

.debug_abbrev   0x0000000000000000     0x2d04
 .debug_abbrev  0x0000000000000000      0x290 Core/Src/main.o
 .debug_abbrev  0x0000000000000290      0x11d Core/Src/stm32f1xx_hal_msp.o
 .debug_abbrev  0x00000000000003ad      0x173 Core/Src/stm32f1xx_it.o
 .debug_abbrev  0x0000000000000520      0x14e Core/Src/system_stm32f1xx.o
 .debug_abbrev  0x000000000000066e       0x12 Core/Startup/startup_stm32f103c8tx.o
 .debug_abbrev  0x0000000000000680      0x1ed Drivers/STM32F1xx_HAL_Driver/Src/stm32f1xx_hal.o
 .debug_abbrev  0x000000000000086d      0x313 Drivers/STM32F1xx_HAL_Driver/Src/stm32f1xx_hal_cortex.o
 .debug_abbrev  0x0000000000000b80      0x1e8 Drivers/STM32F1xx_HAL_Driver/Src/stm32f1xx_hal_gpio.o
 .debug_abbrev  0x0000000000000d68      0x29e Drivers/STM32F1xx_HAL_Driver/Src/stm32f1xx_hal_pcd.o
 .debug_abbrev  0x0000000000001006      0x1ac Drivers/STM32F1xx_HAL_Driver/Src/stm32f1xx_hal_pcd_ex.o
 .debug_abbrev  0x00000000000011b2      0x273 Drivers/STM32F1xx_HAL_Driver/Src/stm32f1xx_hal_rcc.o
 .debug_abbrev  0x0000000000001425      0x193 Drivers/STM32F1xx_HAL_Driver/Src/stm32f1xx_hal_rcc_ex.o
 .debug_abbrev  0x00000000000015b8      0x1fa Drivers/STM32F1xx_HAL_Driver/Src/stm32f1xx_ll_usb.o
 .debug_abbrev  0x00000000000017b2      0x2f6 Middlewares/ST/STM32_USB_Device_Library/Class/CDC/Src/usbd_cdc.o
 .debug_abbrev  0x0000000000001aa8      0x2a8 Middlewares/ST/STM32_USB_Device_Library/Core/Src/usbd_core.o
 .debug_abbrev  0x0000000000001d50      0x2de Middlewares/ST/STM32_USB_Device_Library/Core/Src/usbd_ctlreq.o
 .debug_abbrev  0x000000000000202e      0x20a Middlewares/ST/STM32_USB_Device_Library/Core/Src/usbd_ioreq.o
 .debug_abbrev  0x0000000000002238      0x204 USB_DEVICE/App/usb_device.o
 .debug_abbrev  0x000000000000243c      0x2e1 USB_DEVICE/App/usbd_cdc_if.o
 .debug_abbrev  0x000000000000271d      0x2ca USB_DEVICE/App/usbd_desc.o
 .debug_abbrev  0x00000000000029e7      0x31d USB_DEVICE/Target/usbd_conf.o

.debug_aranges  0x0000000000000000      0xa60
 .debug_aranges
                0x0000000000000000       0x38 Core/Src/main.o
 .debug_aranges
                0x0000000000000038       0x20 Core/Src/stm32f1xx_hal_msp.o
 .debug_aranges
                0x0000000000000058       0x68 Core/Src/stm32f1xx_it.o
 .debug_aranges
                0x00000000000000c0       0x28 Core/Src/system_stm32f1xx.o
 .debug_aranges
                0x00000000000000e8       0x28 Core/Startup/startup_stm32f103c8tx.o
 .debug_aranges
                0x0000000000000110       0xe0 Drivers/STM32F1xx_HAL_Driver/Src/stm32f1xx_hal.o
 .debug_aranges
                0x00000000000001f0      0x100 Drivers/STM32F1xx_HAL_Driver/Src/stm32f1xx_hal_cortex.o
 .debug_aranges
                0x00000000000002f0       0x58 Drivers/STM32F1xx_HAL_Driver/Src/stm32f1xx_hal_gpio.o
 .debug_aranges
                0x0000000000000348      0x138 Drivers/STM32F1xx_HAL_Driver/Src/stm32f1xx_hal_pcd.o
 .debug_aranges
                0x0000000000000480       0x38 Drivers/STM32F1xx_HAL_Driver/Src/stm32f1xx_hal_pcd_ex.o
 .debug_aranges
                0x00000000000004b8       0x90 Drivers/STM32F1xx_HAL_Driver/Src/stm32f1xx_hal_rcc.o
 .debug_aranges
                0x0000000000000548       0x30 Drivers/STM32F1xx_HAL_Driver/Src/stm32f1xx_hal_rcc_ex.o
 .debug_aranges
                0x0000000000000578       0xf0 Drivers/STM32F1xx_HAL_Driver/Src/stm32f1xx_ll_usb.o
 .debug_aranges
                0x0000000000000668       0x90 Middlewares/ST/STM32_USB_Device_Library/Class/CDC/Src/usbd_cdc.o
 .debug_aranges
                0x00000000000006f8       0xb8 Middlewares/ST/STM32_USB_Device_Library/Core/Src/usbd_core.o
 .debug_aranges
                0x00000000000007b0       0x88 Middlewares/ST/STM32_USB_Device_Library/Core/Src/usbd_ctlreq.o
 .debug_aranges
                0x0000000000000838       0x50 Middlewares/ST/STM32_USB_Device_Library/Core/Src/usbd_ioreq.o
 .debug_aranges
                0x0000000000000888       0x20 USB_DEVICE/App/usb_device.o
 .debug_aranges
                0x00000000000008a8       0x40 USB_DEVICE/App/usbd_cdc_if.o
 .debug_aranges
                0x00000000000008e8       0x60 USB_DEVICE/App/usbd_desc.o
 .debug_aranges
                0x0000000000000948      0x118 USB_DEVICE/Target/usbd_conf.o

.debug_ranges   0x0000000000000000      0x918
 .debug_ranges  0x0000000000000000       0x28 Core/Src/main.o
 .debug_ranges  0x0000000000000028       0x10 Core/Src/stm32f1xx_hal_msp.o
 .debug_ranges  0x0000000000000038       0x58 Core/Src/stm32f1xx_it.o
 .debug_ranges  0x0000000000000090       0x18 Core/Src/system_stm32f1xx.o
 .debug_ranges  0x00000000000000a8       0x20 Core/Startup/startup_stm32f103c8tx.o
 .debug_ranges  0x00000000000000c8       0xd0 Drivers/STM32F1xx_HAL_Driver/Src/stm32f1xx_hal.o
 .debug_ranges  0x0000000000000198       0xf0 Drivers/STM32F1xx_HAL_Driver/Src/stm32f1xx_hal_cortex.o
 .debug_ranges  0x0000000000000288       0x48 Drivers/STM32F1xx_HAL_Driver/Src/stm32f1xx_hal_gpio.o
 .debug_ranges  0x00000000000002d0      0x128 Drivers/STM32F1xx_HAL_Driver/Src/stm32f1xx_hal_pcd.o
 .debug_ranges  0x00000000000003f8       0x28 Drivers/STM32F1xx_HAL_Driver/Src/stm32f1xx_hal_pcd_ex.o
 .debug_ranges  0x0000000000000420       0x80 Drivers/STM32F1xx_HAL_Driver/Src/stm32f1xx_hal_rcc.o
 .debug_ranges  0x00000000000004a0       0x20 Drivers/STM32F1xx_HAL_Driver/Src/stm32f1xx_hal_rcc_ex.o
 .debug_ranges  0x00000000000004c0       0xe0 Drivers/STM32F1xx_HAL_Driver/Src/stm32f1xx_ll_usb.o
 .debug_ranges  0x00000000000005a0       0x80 Middlewares/ST/STM32_USB_Device_Library/Class/CDC/Src/usbd_cdc.o
 .debug_ranges  0x0000000000000620       0xa8 Middlewares/ST/STM32_USB_Device_Library/Core/Src/usbd_core.o
 .debug_ranges  0x00000000000006c8       0x78 Middlewares/ST/STM32_USB_Device_Library/Core/Src/usbd_ctlreq.o
 .debug_ranges  0x0000000000000740       0x40 Middlewares/ST/STM32_USB_Device_Library/Core/Src/usbd_ioreq.o
 .debug_ranges  0x0000000000000780       0x10 USB_DEVICE/App/usb_device.o
 .debug_ranges  0x0000000000000790       0x30 USB_DEVICE/App/usbd_cdc_if.o
 .debug_ranges  0x00000000000007c0       0x50 USB_DEVICE/App/usbd_desc.o
 .debug_ranges  0x0000000000000810      0x108 USB_DEVICE/Target/usbd_conf.o

.debug_macro    0x0000000000000000    0x196be
 .debug_macro   0x0000000000000000      0x3ec Core/Src/main.o
 .debug_macro   0x00000000000003ec      0xa9c Core/Src/main.o
 .debug_macro   0x0000000000000e88      0x215 Core/Src/main.o
 .debug_macro   0x000000000000109d       0x2e Core/Src/main.o
 .debug_macro   0x00000000000010cb       0x22 Core/Src/main.o
 .debug_macro   0x00000000000010ed       0x22 Core/Src/main.o
 .debug_macro   0x000000000000110f       0x8e Core/Src/main.o
 .debug_macro   0x000000000000119d       0x51 Core/Src/main.o
 .debug_macro   0x00000000000011ee      0x103 Core/Src/main.o
 .debug_macro   0x00000000000012f1       0x6a Core/Src/main.o
 .debug_macro   0x000000000000135b      0x1df Core/Src/main.o
 .debug_macro   0x000000000000153a       0x1c Core/Src/main.o
 .debug_macro   0x0000000000001556       0x22 Core/Src/main.o
 .debug_macro   0x0000000000001578       0xc3 Core/Src/main.o
 .debug_macro   0x000000000000163b      0xd23 Core/Src/main.o
 .debug_macro   0x000000000000235e     0xe097 Core/Src/main.o
 .debug_macro   0x00000000000103f5       0x43 Core/Src/main.o
 .debug_macro   0x0000000000010438     0x3468 Core/Src/main.o
 .debug_macro   0x00000000000138a0      0x174 Core/Src/main.o
 .debug_macro   0x0000000000013a14       0x5c Core/Src/main.o
 .debug_macro   0x0000000000013a70      0x5be Core/Src/main.o
 .debug_macro   0x000000000001402e      0x289 Core/Src/main.o
 .debug_macro   0x00000000000142b7      0x1cb Core/Src/main.o
 .debug_macro   0x0000000000014482      0x114 Core/Src/main.o
 .debug_macro   0x0000000000014596      0x1b2 Core/Src/main.o
 .debug_macro   0x0000000000014748       0x27 Core/Src/main.o
 .debug_macro   0x000000000001476f      0x136 Core/Src/main.o
 .debug_macro   0x00000000000148a5      0x1bc Core/Src/main.o
 .debug_macro   0x0000000000014a61       0x34 Core/Src/main.o
 .debug_macro   0x0000000000014a95       0x3c Core/Src/main.o
 .debug_macro   0x0000000000014ad1       0x57 Core/Src/main.o
 .debug_macro   0x0000000000014b28       0x88 Core/Src/main.o
 .debug_macro   0x0000000000014bb0      0x241 Core/Src/main.o
 .debug_macro   0x0000000000014df1      0x141 Core/Src/main.o
 .debug_macro   0x0000000000014f32       0x65 Core/Src/main.o
 .debug_macro   0x0000000000014f97      0x249 Core/Src/main.o
 .debug_macro   0x00000000000151e0       0x83 Core/Src/main.o
 .debug_macro   0x0000000000015263       0x10 Core/Src/main.o
 .debug_macro   0x0000000000015273       0x52 Core/Src/main.o
 .debug_macro   0x00000000000152c5       0x18 Core/Src/main.o
 .debug_macro   0x00000000000152dd       0x3c Core/Src/main.o
 .debug_macro   0x0000000000015319       0x34 Core/Src/main.o
 .debug_macro   0x000000000001534d       0x16 Core/Src/main.o
 .debug_macro   0x0000000000015363       0x35 Core/Src/main.o
 .debug_macro   0x0000000000015398      0x333 Core/Src/main.o
 .debug_macro   0x00000000000156cb       0x10 Core/Src/main.o
 .debug_macro   0x00000000000156db       0x16 Core/Src/main.o
 .debug_macro   0x00000000000156f1       0x43 Core/Src/main.o
 .debug_macro   0x0000000000015734       0x34 Core/Src/main.o
 .debug_macro   0x0000000000015768       0x10 Core/Src/main.o
 .debug_macro   0x0000000000015778       0x58 Core/Src/main.o
 .debug_macro   0x00000000000157d0       0x71 Core/Src/main.o
 .debug_macro   0x0000000000015841       0x1c Core/Src/main.o
 .debug_macro   0x000000000001585d      0x12a Core/Src/main.o
 .debug_macro   0x0000000000015987       0x10 Core/Src/main.o
 .debug_macro   0x0000000000015997       0x1c Core/Src/main.o
 .debug_macro   0x00000000000159b3       0x52 Core/Src/main.o
 .debug_macro   0x0000000000015a05       0x22 Core/Src/main.o
 .debug_macro   0x0000000000015a27       0x10 Core/Src/main.o
 .debug_macro   0x0000000000015a37       0x40 Core/Src/main.o
 .debug_macro   0x0000000000015a77       0xd5 Core/Src/main.o
 .debug_macro   0x0000000000015b4c       0x1c Core/Src/main.o
 .debug_macro   0x0000000000015b68       0x3d Core/Src/main.o
 .debug_macro   0x0000000000015ba5       0x16 Core/Src/main.o
 .debug_macro   0x0000000000015bbb      0x145 Core/Src/main.o
 .debug_macro   0x0000000000015d00       0x16 Core/Src/main.o
 .debug_macro   0x0000000000015d16       0x16 Core/Src/main.o
 .debug_macro   0x0000000000015d2c       0x29 Core/Src/main.o
 .debug_macro   0x0000000000015d55       0x16 Core/Src/main.o
 .debug_macro   0x0000000000015d6b       0x20 Core/Src/main.o
 .debug_macro   0x0000000000015d8b       0x60 Core/Src/main.o
 .debug_macro   0x0000000000015deb      0x1c8 Core/Src/main.o
 .debug_macro   0x0000000000015fb3       0x8f Core/Src/main.o
 .debug_macro   0x0000000000016042       0x10 Core/Src/main.o
 .debug_macro   0x0000000000016052      0x1b7 Core/Src/stm32f1xx_hal_msp.o
 .debug_macro   0x0000000000016209      0x1c1 Core/Src/stm32f1xx_it.o
 .debug_macro   0x00000000000163ca      0x1a8 Core/Src/system_stm32f1xx.o
 .debug_macro   0x0000000000016572      0x1cc Drivers/STM32F1xx_HAL_Driver/Src/stm32f1xx_hal.o
 .debug_macro   0x000000000001673e      0x1a8 Drivers/STM32F1xx_HAL_Driver/Src/stm32f1xx_hal_cortex.o
 .debug_macro   0x00000000000168e6      0x213 Drivers/STM32F1xx_HAL_Driver/Src/stm32f1xx_hal_gpio.o
 .debug_macro   0x0000000000016af9      0x1b4 Drivers/STM32F1xx_HAL_Driver/Src/stm32f1xx_hal_pcd.o
 .debug_macro   0x0000000000016cad      0x1a8 Drivers/STM32F1xx_HAL_Driver/Src/stm32f1xx_hal_pcd_ex.o
 .debug_macro   0x0000000000016e55      0x1ba Drivers/STM32F1xx_HAL_Driver/Src/stm32f1xx_hal_rcc.o
 .debug_macro   0x000000000001700f      0x1a8 Drivers/STM32F1xx_HAL_Driver/Src/stm32f1xx_hal_rcc_ex.o
 .debug_macro   0x00000000000171b7      0x1a8 Drivers/STM32F1xx_HAL_Driver/Src/stm32f1xx_ll_usb.o
 .debug_macro   0x000000000001735f      0x3cd Middlewares/ST/STM32_USB_Device_Library/Class/CDC/Src/usbd_cdc.o
 .debug_macro   0x000000000001772c       0x97 Middlewares/ST/STM32_USB_Device_Library/Class/CDC/Src/usbd_cdc.o
 .debug_macro   0x00000000000177c3       0xfd Middlewares/ST/STM32_USB_Device_Library/Class/CDC/Src/usbd_cdc.o
 .debug_macro   0x00000000000178c0       0xbd Middlewares/ST/STM32_USB_Device_Library/Class/CDC/Src/usbd_cdc.o
 .debug_macro   0x000000000001797d       0x56 Middlewares/ST/STM32_USB_Device_Library/Class/CDC/Src/usbd_cdc.o
 .debug_macro   0x00000000000179d3      0x3b4 Middlewares/ST/STM32_USB_Device_Library/Core/Src/usbd_core.o
 .debug_macro   0x0000000000017d87      0x1ce Middlewares/ST/STM32_USB_Device_Library/Core/Src/usbd_core.o
 .debug_macro   0x0000000000017f55      0x3be Middlewares/ST/STM32_USB_Device_Library/Core/Src/usbd_ctlreq.o
 .debug_macro   0x0000000000018313      0x3ba Middlewares/ST/STM32_USB_Device_Library/Core/Src/usbd_ioreq.o
 .debug_macro   0x00000000000186cd      0x3ed USB_DEVICE/App/usb_device.o
 .debug_macro   0x0000000000018aba       0x16 USB_DEVICE/App/usb_device.o
 .debug_macro   0x0000000000018ad0       0x22 USB_DEVICE/App/usb_device.o
 .debug_macro   0x0000000000018af2       0x16 USB_DEVICE/App/usb_device.o
 .debug_macro   0x0000000000018b08      0x3d8 USB_DEVICE/App/usbd_cdc_if.o
 .debug_macro   0x0000000000018ee0      0x3f1 USB_DEVICE/App/usbd_desc.o
 .debug_macro   0x00000000000192d1       0x1c USB_DEVICE/App/usbd_desc.o
 .debug_macro   0x00000000000192ed      0x3d1 USB_DEVICE/Target/usbd_conf.o

.debug_line     0x0000000000000000     0xddc2
 .debug_line    0x0000000000000000      0xa81 Core/Src/main.o
 .debug_line    0x0000000000000a81      0x67c Core/Src/stm32f1xx_hal_msp.o
 .debug_line    0x00000000000010fd      0x755 Core/Src/stm32f1xx_it.o
 .debug_line    0x0000000000001852      0x6f9 Core/Src/system_stm32f1xx.o
 .debug_line    0x0000000000001f4b       0x84 Core/Startup/startup_stm32f103c8tx.o
 .debug_line    0x0000000000001fcf      0x926 Drivers/STM32F1xx_HAL_Driver/Src/stm32f1xx_hal.o
 .debug_line    0x00000000000028f5      0xb0e Drivers/STM32F1xx_HAL_Driver/Src/stm32f1xx_hal_cortex.o
 .debug_line    0x0000000000003403      0x9bd Drivers/STM32F1xx_HAL_Driver/Src/stm32f1xx_hal_gpio.o
 .debug_line    0x0000000000003dc0     0x12a5 Drivers/STM32F1xx_HAL_Driver/Src/stm32f1xx_hal_pcd.o
 .debug_line    0x0000000000005065      0x6f4 Drivers/STM32F1xx_HAL_Driver/Src/stm32f1xx_hal_pcd_ex.o
 .debug_line    0x0000000000005759      0xd34 Drivers/STM32F1xx_HAL_Driver/Src/stm32f1xx_hal_rcc.o
 .debug_line    0x000000000000648d      0x872 Drivers/STM32F1xx_HAL_Driver/Src/stm32f1xx_hal_rcc_ex.o
 .debug_line    0x0000000000006cff      0xf7b Drivers/STM32F1xx_HAL_Driver/Src/stm32f1xx_ll_usb.o
 .debug_line    0x0000000000007c7a      0xd08 Middlewares/ST/STM32_USB_Device_Library/Class/CDC/Src/usbd_cdc.o
 .debug_line    0x0000000000008982      0xd88 Middlewares/ST/STM32_USB_Device_Library/Core/Src/usbd_core.o
 .debug_line    0x000000000000970a      0xfa7 Middlewares/ST/STM32_USB_Device_Library/Core/Src/usbd_ctlreq.o
 .debug_line    0x000000000000a6b1      0xa1e Middlewares/ST/STM32_USB_Device_Library/Core/Src/usbd_ioreq.o
 .debug_line    0x000000000000b0cf      0x9f0 USB_DEVICE/App/usb_device.o
 .debug_line    0x000000000000babf      0xa99 USB_DEVICE/App/usbd_cdc_if.o
 .debug_line    0x000000000000c558      0xaa7 USB_DEVICE/App/usbd_desc.o
 .debug_line    0x000000000000cfff      0xdc3 USB_DEVICE/Target/usbd_conf.o

.debug_str      0x0000000000000000    0x8480c
 .debug_str     0x0000000000000000    0x821a8 Core/Src/main.o
                                      0x82658 (size before relaxing)
 .debug_str     0x00000000000821a8       0x5a Core/Src/stm32f1xx_hal_msp.o
                                      0x7d10c (size before relaxing)
 .debug_str     0x0000000000082202      0x3d9 Core/Src/stm32f1xx_it.o
                                      0x7d4af (size before relaxing)
 .debug_str     0x00000000000825db       0x52 Core/Src/system_stm32f1xx.o
                                      0x7d0d1 (size before relaxing)
 .debug_str     0x000000000008262d       0x36 Core/Startup/startup_stm32f103c8tx.o
                                         0x6a (size before relaxing)
 .debug_str     0x0000000000082663      0x55e Drivers/STM32F1xx_HAL_Driver/Src/stm32f1xx_hal.o
                                      0x7d762 (size before relaxing)
 .debug_str     0x0000000000082bc1      0x2d8 Drivers/STM32F1xx_HAL_Driver/Src/stm32f1xx_hal_cortex.o
                                      0x7d76a (size before relaxing)
 .debug_str     0x0000000000082e99      0x324 Drivers/STM32F1xx_HAL_Driver/Src/stm32f1xx_hal_gpio.o
                                      0x7d495 (size before relaxing)
 .debug_str     0x00000000000831bd      0x3e5 Drivers/STM32F1xx_HAL_Driver/Src/stm32f1xx_hal_pcd.o
                                      0x7d824 (size before relaxing)
 .debug_str     0x00000000000835a2      0x18d Drivers/STM32F1xx_HAL_Driver/Src/stm32f1xx_hal_pcd_ex.o
                                      0x7d571 (size before relaxing)
 .debug_str     0x000000000008372f      0x24f Drivers/STM32F1xx_HAL_Driver/Src/stm32f1xx_hal_rcc.o
                                      0x7d4ce (size before relaxing)
 .debug_str     0x000000000008397e       0xb9 Drivers/STM32F1xx_HAL_Driver/Src/stm32f1xx_hal_rcc_ex.o
                                      0x7d25b (size before relaxing)
 .debug_str     0x0000000000083a37      0x2ad Drivers/STM32F1xx_HAL_Driver/Src/stm32f1xx_ll_usb.o
                                      0x7d5a4 (size before relaxing)
 .debug_str     0x0000000000083ce4      0x277 Middlewares/ST/STM32_USB_Device_Library/Class/CDC/Src/usbd_cdc.o
                                      0x82902 (size before relaxing)
 .debug_str     0x0000000000083f5b      0x1b5 Middlewares/ST/STM32_USB_Device_Library/Core/Src/usbd_core.o
                                      0x821fd (size before relaxing)
 .debug_str     0x0000000000084110      0x134 Middlewares/ST/STM32_USB_Device_Library/Core/Src/usbd_ctlreq.o
                                      0x82183 (size before relaxing)
 .debug_str     0x0000000000084244       0xc9 Middlewares/ST/STM32_USB_Device_Library/Core/Src/usbd_ioreq.o
                                      0x8210b (size before relaxing)
 .debug_str     0x000000000008430d       0xc2 USB_DEVICE/App/usb_device.o
                                      0x824d6 (size before relaxing)
 .debug_str     0x00000000000843cf       0x98 USB_DEVICE/App/usbd_cdc_if.o
                                      0x824c5 (size before relaxing)
 .debug_str     0x0000000000084467      0x251 USB_DEVICE/App/usbd_desc.o
                                      0x8206f (size before relaxing)
 .debug_str     0x00000000000846b8      0x154 USB_DEVICE/Target/usbd_conf.o
                                      0x82d28 (size before relaxing)

.comment        0x0000000000000000       0x53
 .comment       0x0000000000000000       0x53 Core/Src/main.o
                                         0x54 (size before relaxing)
 .comment       0x0000000000000053       0x54 Core/Src/stm32f1xx_hal_msp.o
 .comment       0x0000000000000053       0x54 Core/Src/stm32f1xx_it.o
 .comment       0x0000000000000053       0x54 Core/Src/system_stm32f1xx.o
 .comment       0x0000000000000053       0x54 Drivers/STM32F1xx_HAL_Driver/Src/stm32f1xx_hal.o
 .comment       0x0000000000000053       0x54 Drivers/STM32F1xx_HAL_Driver/Src/stm32f1xx_hal_cortex.o
 .comment       0x0000000000000053       0x54 Drivers/STM32F1xx_HAL_Driver/Src/stm32f1xx_hal_gpio.o
 .comment       0x0000000000000053       0x54 Drivers/STM32F1xx_HAL_Driver/Src/stm32f1xx_hal_pcd.o
 .comment       0x0000000000000053       0x54 Drivers/STM32F1xx_HAL_Driver/Src/stm32f1xx_hal_pcd_ex.o
 .comment       0x0000000000000053       0x54 Drivers/STM32F1xx_HAL_Driver/Src/stm32f1xx_hal_rcc.o
 .comment       0x0000000000000053       0x54 Drivers/STM32F1xx_HAL_Driver/Src/stm32f1xx_hal_rcc_ex.o
 .comment       0x0000000000000053       0x54 Drivers/STM32F1xx_HAL_Driver/Src/stm32f1xx_ll_usb.o
 .comment       0x0000000000000053       0x54 Middlewares/ST/STM32_USB_Device_Library/Class/CDC/Src/usbd_cdc.o
 .comment       0x0000000000000053       0x54 Middlewares/ST/STM32_USB_Device_Library/Core/Src/usbd_core.o
 .comment       0x0000000000000053       0x54 Middlewares/ST/STM32_USB_Device_Library/Core/Src/usbd_ctlreq.o
 .comment       0x0000000000000053       0x54 Middlewares/ST/STM32_USB_Device_Library/Core/Src/usbd_ioreq.o
 .comment       0x0000000000000053       0x54 USB_DEVICE/App/usb_device.o
 .comment       0x0000000000000053       0x54 USB_DEVICE/App/usbd_cdc_if.o
 .comment       0x0000000000000053       0x54 USB_DEVICE/App/usbd_desc.o
 .comment       0x0000000000000053       0x54 USB_DEVICE/Target/usbd_conf.o

.debug_frame    0x0000000000000000     0x27dc
 .debug_frame   0x0000000000000000       0x90 Core/Src/main.o
 .debug_frame   0x0000000000000090       0x38 Core/Src/stm32f1xx_hal_msp.o
 .debug_frame   0x00000000000000c8      0x120 Core/Src/stm32f1xx_it.o
 .debug_frame   0x00000000000001e8       0x58 Core/Src/system_stm32f1xx.o
 .debug_frame   0x0000000000000240      0x334 Drivers/STM32F1xx_HAL_Driver/Src/stm32f1xx_hal.o
 .debug_frame   0x0000000000000574      0x428 Drivers/STM32F1xx_HAL_Driver/Src/stm32f1xx_hal_cortex.o
 .debug_frame   0x000000000000099c      0x14c Drivers/STM32F1xx_HAL_Driver/Src/stm32f1xx_hal_gpio.o
 .debug_frame   0x0000000000000ae8      0x578 Drivers/STM32F1xx_HAL_Driver/Src/stm32f1xx_hal_pcd.o
 .debug_frame   0x0000000000001060       0xb0 Drivers/STM32F1xx_HAL_Driver/Src/stm32f1xx_hal_pcd_ex.o
 .debug_frame   0x0000000000001110      0x21c Drivers/STM32F1xx_HAL_Driver/Src/stm32f1xx_hal_rcc.o
 .debug_frame   0x000000000000132c       0x84 Drivers/STM32F1xx_HAL_Driver/Src/stm32f1xx_hal_rcc_ex.o
 .debug_frame   0x00000000000013b0      0x450 Drivers/STM32F1xx_HAL_Driver/Src/stm32f1xx_ll_usb.o
 .debug_frame   0x0000000000001800      0x248 Middlewares/ST/STM32_USB_Device_Library/Class/CDC/Src/usbd_cdc.o
 .debug_frame   0x0000000000001a48      0x300 Middlewares/ST/STM32_USB_Device_Library/Core/Src/usbd_core.o
 .debug_frame   0x0000000000001d48      0x218 Middlewares/ST/STM32_USB_Device_Library/Core/Src/usbd_ctlreq.o
 .debug_frame   0x0000000000001f60      0x10c Middlewares/ST/STM32_USB_Device_Library/Core/Src/usbd_ioreq.o
 .debug_frame   0x000000000000206c       0x34 USB_DEVICE/App/usb_device.o
 .debug_frame   0x00000000000020a0       0xc4 USB_DEVICE/App/usbd_cdc_if.o
 .debug_frame   0x0000000000002164      0x160 USB_DEVICE/App/usbd_desc.o
 .debug_frame   0x00000000000022c4      0x4a4 USB_DEVICE/Target/usbd_conf.o
 .debug_frame   0x0000000000002768       0x2c c:/st/stm32cubeide_1.6.0/stm32cubeide/plugins/com.st.stm32cube.ide.mcu.externaltools.gnu-tools-for-stm32.9-2020-q2-update.win32_1.5.0.202011040924/tools/bin/../lib/gcc/arm-none-eabi/9.3.1/../../../../arm-none-eabi/lib/thumb/v7-m/nofp\libc_nano.a(lib_a-init.o)
 .debug_frame   0x0000000000002794       0x28 c:/st/stm32cubeide_1.6.0/stm32cubeide/plugins/com.st.stm32cube.ide.mcu.externaltools.gnu-tools-for-stm32.9-2020-q2-update.win32_1.5.0.202011040924/tools/bin/../lib/gcc/arm-none-eabi/9.3.1/../../../../arm-none-eabi/lib/thumb/v7-m/nofp\libc_nano.a(lib_a-memcpy-stub.o)
 .debug_frame   0x00000000000027bc       0x20 c:/st/stm32cubeide_1.6.0/stm32cubeide/plugins/com.st.stm32cube.ide.mcu.externaltools.gnu-tools-for-stm32.9-2020-q2-update.win32_1.5.0.202011040924/tools/bin/../lib/gcc/arm-none-eabi/9.3.1/../../../../arm-none-eabi/lib/thumb/v7-m/nofp\libc_nano.a(lib_a-memset.o)
